interactions:
- request:
    body: null
    headers:
      Accept:
      - application/json
      Accept-Encoding:
      - gzip, deflate
      CommandName:
      - disk create
      Connection:
      - keep-alive
      ParameterSetName:
      - -g -n --size-gb --sku --disk-iops-read-write --disk-mbps-read-write --zone
      User-Agent:
      - python/3.8.5 (Linux-5.4.0-1025-azure-x86_64-with-glibc2.2.5) msrest/0.6.18
        VSTS_0fb41ef4-5012-48a9-bf39-4ee3de03ee35_build_1655_0 msrest_azure/0.6.3
        azure-mgmt-resource/10.2.0 Azure-SDK-For-Python AZURECLI/2.11.1
      accept-language:
      - en-US
    method: GET
    uri: https://management.azure.com/subscriptions/00000000-0000-0000-0000-000000000000/resourcegroups/cli-test-stdssdk000001?api-version=2020-06-01
  response:
    body:
      string: '{"id":"/subscriptions/00000000-0000-0000-0000-000000000000/resourceGroups/cli-test-stdssdk000001","name":"cli-test-stdssdk000001","type":"Microsoft.Resources/resourceGroups","location":"eastus","tags":{"product":"azurecli","cause":"automation","date":"2020-09-16T07:06:55Z"},"properties":{"provisioningState":"Succeeded"}}'
    headers:
      cache-control:
      - no-cache
      content-length:
      - '428'
      content-type:
      - application/json; charset=utf-8
      date:
      - Wed, 16 Sep 2020 07:06:55 GMT
      expires:
      - '-1'
      pragma:
      - no-cache
      strict-transport-security:
      - max-age=31536000; includeSubDomains
      vary:
      - Accept-Encoding
      x-content-type-options:
      - nosniff
    status:
      code: 200
      message: OK
- request:
    body: '{"location": "eastus", "tags": {}, "sku": {"name": "UltraSSD_LRS"}, "zones":
      ["2"], "properties": {"hyperVGeneration": "V1", "creationData": {"createOption":
      "Empty"}, "diskSizeGB": 4, "diskIOPSReadWrite": 500, "diskMBpsReadWrite": 8}}'
    headers:
      Accept:
      - application/json
      Accept-Encoding:
      - gzip, deflate
      CommandName:
      - disk create
      Connection:
      - keep-alive
      Content-Length:
      - '235'
      Content-Type:
      - application/json; charset=utf-8
      ParameterSetName:
      - -g -n --size-gb --sku --disk-iops-read-write --disk-mbps-read-write --zone
      User-Agent:
      - python/3.8.5 (Linux-5.4.0-1025-azure-x86_64-with-glibc2.2.5) msrest/0.6.18
        VSTS_0fb41ef4-5012-48a9-bf39-4ee3de03ee35_build_1655_0 msrest_azure/0.6.3
        azure-mgmt-compute/13.1.0 Azure-SDK-For-Python AZURECLI/2.11.1
      accept-language:
      - en-US
    method: PUT
    uri: https://management.azure.com/subscriptions/00000000-0000-0000-0000-000000000000/resourceGroups/cli-test-stdssdk000001/providers/Microsoft.Compute/disks/d1?api-version=2020-06-30
  response:
    body:
      string: "{\r\n  \"name\": \"d1\",\r\n  \"location\": \"eastus\",\r\n  \"tags\"\
        : {},\r\n  \"zones\": [\r\n    \"2\"\r\n  ],\r\n  \"sku\": {\r\n    \"name\"\
        : \"UltraSSD_LRS\"\r\n  },\r\n  \"properties\": {\r\n    \"hyperVGeneration\"\
        : \"V1\",\r\n    \"creationData\": {\r\n      \"createOption\": \"Empty\"\r\
        \n    },\r\n    \"diskSizeGB\": 4,\r\n    \"diskIOPSReadWrite\": 500,\r\n\
        \    \"diskMBpsReadWrite\": 8,\r\n    \"readOnly\": false,\r\n    \"diskIOPSReadOnly\"\
        : 100,\r\n    \"diskMBpsReadOnly\": 13,\r\n    \"provisioningState\": \"Updating\"\
        ,\r\n    \"isArmResource\": true\r\n  }\r\n}"
    headers:
      azure-asyncoperation:
      - https://management.azure.com/subscriptions/00000000-0000-0000-0000-000000000000/providers/Microsoft.Compute/locations/eastus/DiskOperations/8dc09f41-4bde-47cb-be35-f1474cb22ce3?api-version=2020-06-30
      cache-control:
      - no-cache
      content-length:
      - '483'
      content-type:
      - application/json; charset=utf-8
      date:
      - Wed, 16 Sep 2020 07:06:57 GMT
      expires:
      - '-1'
      location:
      - https://management.azure.com/subscriptions/00000000-0000-0000-0000-000000000000/providers/Microsoft.Compute/locations/eastus/DiskOperations/8dc09f41-4bde-47cb-be35-f1474cb22ce3?monitor=true&api-version=2020-06-30
      pragma:
      - no-cache
      server:
      - Microsoft-HTTPAPI/2.0
      - Microsoft-HTTPAPI/2.0
      strict-transport-security:
      - max-age=31536000; includeSubDomains
      x-content-type-options:
      - nosniff
      x-ms-ratelimit-remaining-resource:
      - Microsoft.Compute/CreateUpdateDisks3Min;999,Microsoft.Compute/CreateUpdateDisks30Min;7999
      x-ms-ratelimit-remaining-subscription-writes:
      - '1198'
    status:
      code: 202
      message: Accepted
- request:
    body: null
    headers:
      Accept:
      - application/json
      Accept-Encoding:
      - gzip, deflate
      CommandName:
      - disk create
      Connection:
      - keep-alive
      ParameterSetName:
      - -g -n --size-gb --sku --disk-iops-read-write --disk-mbps-read-write --zone
      User-Agent:
      - python/3.8.5 (Linux-5.4.0-1025-azure-x86_64-with-glibc2.2.5) msrest/0.6.18
        VSTS_0fb41ef4-5012-48a9-bf39-4ee3de03ee35_build_1655_0 msrest_azure/0.6.3
        azure-mgmt-compute/13.1.0 Azure-SDK-For-Python AZURECLI/2.11.1
    method: GET
    uri: https://management.azure.com/subscriptions/00000000-0000-0000-0000-000000000000/providers/Microsoft.Compute/locations/eastus/DiskOperations/8dc09f41-4bde-47cb-be35-f1474cb22ce3?api-version=2020-06-30
  response:
    body:
      string: "{\r\n  \"startTime\": \"2020-09-16T07:06:57.5371131+00:00\",\r\n  \"\
        endTime\": \"2020-09-16T07:06:57.912121+00:00\",\r\n  \"status\": \"Succeeded\"\
        ,\r\n  \"properties\": {\r\n    \"output\": {\r\n  \"name\": \"d1\",\r\n \
        \ \"id\": \"/subscriptions/00000000-0000-0000-0000-000000000000/resourceGroups/cli-test-stdssdk000001/providers/Microsoft.Compute/disks/d1\"\
        ,\r\n  \"type\": \"Microsoft.Compute/disks\",\r\n  \"location\": \"eastus\"\
        ,\r\n  \"tags\": {},\r\n  \"zones\": [\r\n    \"2\"\r\n  ],\r\n  \"sku\":\
        \ {\r\n    \"name\": \"UltraSSD_LRS\",\r\n    \"tier\": \"Ultra\"\r\n  },\r\
        \n  \"properties\": {\r\n    \"hyperVGeneration\": \"V1\",\r\n    \"creationData\"\
        : {\r\n      \"createOption\": \"Empty\",\r\n      \"logicalSectorSize\":\
        \ 4096\r\n    },\r\n    \"diskSizeGB\": 4,\r\n    \"diskIOPSReadWrite\": 500,\r\
        \n    \"diskMBpsReadWrite\": 8,\r\n    \"readOnly\": false,\r\n    \"diskIOPSReadOnly\"\
        : 100,\r\n    \"diskMBpsReadOnly\": 13,\r\n    \"encryption\": {\r\n     \
        \ \"type\": \"EncryptionAtRestWithPlatformKey\"\r\n    },\r\n    \"maxShares\"\
        : 1,\r\n    \"timeCreated\": \"2020-09-16T07:06:57.5527637+00:00\",\r\n  \
        \  \"provisioningState\": \"Succeeded\",\r\n    \"diskState\": \"Unattached\"\
        ,\r\n    \"diskSizeBytes\": 4294967296,\r\n    \"uniqueId\": \"8fcea033-4917-4a50-8313-13d8c4be43a0\"\
        ,\r\n    \"networkAccessPolicy\": \"AllowAll\"\r\n  }\r\n}\r\n  },\r\n  \"\
        name\": \"8dc09f41-4bde-47cb-be35-f1474cb22ce3\"\r\n}"
    headers:
      cache-control:
      - no-cache
      content-length:
      - '1285'
      content-type:
      - application/json; charset=utf-8
      date:
      - Wed, 16 Sep 2020 07:06:59 GMT
      expires:
      - '-1'
      pragma:
      - no-cache
      server:
      - Microsoft-HTTPAPI/2.0
      - Microsoft-HTTPAPI/2.0
      strict-transport-security:
      - max-age=31536000; includeSubDomains
      transfer-encoding:
      - chunked
      vary:
      - Accept-Encoding
      x-content-type-options:
      - nosniff
      x-ms-ratelimit-remaining-resource:
      - Microsoft.Compute/GetOperation3Min;49999,Microsoft.Compute/GetOperation30Min;399999
    status:
      code: 200
      message: OK
- request:
    body: null
    headers:
      Accept:
      - application/json
      Accept-Encoding:
      - gzip, deflate
      CommandName:
      - disk create
      Connection:
      - keep-alive
      ParameterSetName:
      - -g -n --size-gb --sku --disk-iops-read-write --disk-mbps-read-write --zone
      User-Agent:
      - python/3.8.5 (Linux-5.4.0-1025-azure-x86_64-with-glibc2.2.5) msrest/0.6.18
        VSTS_0fb41ef4-5012-48a9-bf39-4ee3de03ee35_build_1655_0 msrest_azure/0.6.3
        azure-mgmt-compute/13.1.0 Azure-SDK-For-Python AZURECLI/2.11.1
    method: GET
    uri: https://management.azure.com/subscriptions/00000000-0000-0000-0000-000000000000/resourceGroups/cli-test-stdssdk000001/providers/Microsoft.Compute/disks/d1?api-version=2020-06-30
  response:
    body:
      string: "{\r\n  \"name\": \"d1\",\r\n  \"id\": \"/subscriptions/00000000-0000-0000-0000-000000000000/resourceGroups/cli-test-stdssdk000001/providers/Microsoft.Compute/disks/d1\"\
        ,\r\n  \"type\": \"Microsoft.Compute/disks\",\r\n  \"location\": \"eastus\"\
        ,\r\n  \"tags\": {},\r\n  \"zones\": [\r\n    \"2\"\r\n  ],\r\n  \"sku\":\
        \ {\r\n    \"name\": \"UltraSSD_LRS\",\r\n    \"tier\": \"Ultra\"\r\n  },\r\
        \n  \"properties\": {\r\n    \"hyperVGeneration\": \"V1\",\r\n    \"creationData\"\
        : {\r\n      \"createOption\": \"Empty\",\r\n      \"logicalSectorSize\":\
        \ 4096\r\n    },\r\n    \"diskSizeGB\": 4,\r\n    \"diskIOPSReadWrite\": 500,\r\
        \n    \"diskMBpsReadWrite\": 8,\r\n    \"readOnly\": false,\r\n    \"diskIOPSReadOnly\"\
        : 100,\r\n    \"diskMBpsReadOnly\": 13,\r\n    \"encryption\": {\r\n     \
        \ \"type\": \"EncryptionAtRestWithPlatformKey\"\r\n    },\r\n    \"maxShares\"\
        : 1,\r\n    \"timeCreated\": \"2020-09-16T07:06:57.5527637+00:00\",\r\n  \
        \  \"provisioningState\": \"Succeeded\",\r\n    \"diskState\": \"Unattached\"\
        ,\r\n    \"diskSizeBytes\": 4294967296,\r\n    \"uniqueId\": \"8fcea033-4917-4a50-8313-13d8c4be43a0\"\
        ,\r\n    \"networkAccessPolicy\": \"AllowAll\"\r\n  }\r\n}"
    headers:
      cache-control:
      - no-cache
      content-length:
      - '1061'
      content-type:
      - application/json; charset=utf-8
      date:
      - Wed, 16 Sep 2020 07:06:59 GMT
      expires:
      - '-1'
      pragma:
      - no-cache
      server:
      - Microsoft-HTTPAPI/2.0
      - Microsoft-HTTPAPI/2.0
      strict-transport-security:
      - max-age=31536000; includeSubDomains
      transfer-encoding:
      - chunked
      vary:
      - Accept-Encoding
      x-content-type-options:
      - nosniff
      x-ms-ratelimit-remaining-resource:
      - Microsoft.Compute/LowCostGet3Min;4999,Microsoft.Compute/LowCostGet30Min;39999
    status:
      code: 200
      message: OK
- request:
    body: null
    headers:
      Accept:
      - application/json
      Accept-Encoding:
      - gzip, deflate
      CommandName:
      - disk show
      Connection:
      - keep-alive
      ParameterSetName:
      - -g -n
      User-Agent:
      - python/3.8.5 (Linux-5.4.0-1025-azure-x86_64-with-glibc2.2.5) msrest/0.6.18
        VSTS_0fb41ef4-5012-48a9-bf39-4ee3de03ee35_build_1655_0 msrest_azure/0.6.3
        azure-mgmt-compute/13.1.0 Azure-SDK-For-Python AZURECLI/2.11.1
      accept-language:
      - en-US
    method: GET
    uri: https://management.azure.com/subscriptions/00000000-0000-0000-0000-000000000000/resourceGroups/cli-test-stdssdk000001/providers/Microsoft.Compute/disks/d1?api-version=2020-06-30
  response:
    body:
      string: "{\r\n  \"name\": \"d1\",\r\n  \"id\": \"/subscriptions/00000000-0000-0000-0000-000000000000/resourceGroups/cli-test-stdssdk000001/providers/Microsoft.Compute/disks/d1\"\
        ,\r\n  \"type\": \"Microsoft.Compute/disks\",\r\n  \"location\": \"eastus\"\
        ,\r\n  \"tags\": {},\r\n  \"zones\": [\r\n    \"2\"\r\n  ],\r\n  \"sku\":\
        \ {\r\n    \"name\": \"UltraSSD_LRS\",\r\n    \"tier\": \"Ultra\"\r\n  },\r\
        \n  \"properties\": {\r\n    \"hyperVGeneration\": \"V1\",\r\n    \"creationData\"\
        : {\r\n      \"createOption\": \"Empty\",\r\n      \"logicalSectorSize\":\
        \ 4096\r\n    },\r\n    \"diskSizeGB\": 4,\r\n    \"diskIOPSReadWrite\": 500,\r\
        \n    \"diskMBpsReadWrite\": 8,\r\n    \"readOnly\": false,\r\n    \"diskIOPSReadOnly\"\
        : 100,\r\n    \"diskMBpsReadOnly\": 13,\r\n    \"encryption\": {\r\n     \
        \ \"type\": \"EncryptionAtRestWithPlatformKey\"\r\n    },\r\n    \"maxShares\"\
        : 1,\r\n    \"timeCreated\": \"2020-09-16T07:06:57.5527637+00:00\",\r\n  \
        \  \"provisioningState\": \"Succeeded\",\r\n    \"diskState\": \"Unattached\"\
        ,\r\n    \"diskSizeBytes\": 4294967296,\r\n    \"uniqueId\": \"8fcea033-4917-4a50-8313-13d8c4be43a0\"\
        ,\r\n    \"networkAccessPolicy\": \"AllowAll\"\r\n  }\r\n}"
    headers:
      cache-control:
      - no-cache
      content-length:
      - '1061'
      content-type:
      - application/json; charset=utf-8
      date:
      - Wed, 16 Sep 2020 07:06:59 GMT
      expires:
      - '-1'
      pragma:
      - no-cache
      server:
      - Microsoft-HTTPAPI/2.0
      - Microsoft-HTTPAPI/2.0
      strict-transport-security:
      - max-age=31536000; includeSubDomains
      transfer-encoding:
      - chunked
      vary:
      - Accept-Encoding
      x-content-type-options:
      - nosniff
      x-ms-ratelimit-remaining-resource:
      - Microsoft.Compute/LowCostGet3Min;4998,Microsoft.Compute/LowCostGet30Min;39998
    status:
      code: 200
      message: OK
- request:
    body: null
    headers:
      Accept:
      - application/json
      Accept-Encoding:
      - gzip, deflate
      CommandName:
      - disk create
      Connection:
      - keep-alive
      ParameterSetName:
      - -g -n --size-gb --sku
      User-Agent:
      - python/3.8.5 (Linux-5.4.0-1025-azure-x86_64-with-glibc2.2.5) msrest/0.6.18
        VSTS_0fb41ef4-5012-48a9-bf39-4ee3de03ee35_build_1655_0 msrest_azure/0.6.3
        azure-mgmt-resource/10.2.0 Azure-SDK-For-Python AZURECLI/2.11.1
      accept-language:
      - en-US
    method: GET
    uri: https://management.azure.com/subscriptions/00000000-0000-0000-0000-000000000000/resourcegroups/cli-test-stdssdk000001?api-version=2020-06-01
  response:
    body:
      string: '{"id":"/subscriptions/00000000-0000-0000-0000-000000000000/resourceGroups/cli-test-stdssdk000001","name":"cli-test-stdssdk000001","type":"Microsoft.Resources/resourceGroups","location":"eastus","tags":{"product":"azurecli","cause":"automation","date":"2020-09-16T07:06:55Z"},"properties":{"provisioningState":"Succeeded"}}'
    headers:
      cache-control:
      - no-cache
      content-length:
      - '428'
      content-type:
      - application/json; charset=utf-8
      date:
      - Wed, 16 Sep 2020 07:07:00 GMT
      expires:
      - '-1'
      pragma:
      - no-cache
      strict-transport-security:
      - max-age=31536000; includeSubDomains
      vary:
      - Accept-Encoding
      x-content-type-options:
      - nosniff
    status:
      code: 200
      message: OK
- request:
    body: '{"location": "eastus", "tags": {}, "sku": {"name": "UltraSSD_LRS"}, "properties":
      {"hyperVGeneration": "V1", "creationData": {"createOption": "Empty"}, "diskSizeGB":
      4}}'
    headers:
      Accept:
      - application/json
      Accept-Encoding:
      - gzip, deflate
      CommandName:
      - disk create
      Connection:
      - keep-alive
      Content-Length:
      - '169'
      Content-Type:
      - application/json; charset=utf-8
      ParameterSetName:
      - -g -n --size-gb --sku
      User-Agent:
      - python/3.8.5 (Linux-5.4.0-1025-azure-x86_64-with-glibc2.2.5) msrest/0.6.18
        VSTS_0fb41ef4-5012-48a9-bf39-4ee3de03ee35_build_1655_0 msrest_azure/0.6.3
        azure-mgmt-compute/13.1.0 Azure-SDK-For-Python AZURECLI/2.11.1
      accept-language:
      - en-US
    method: PUT
    uri: https://management.azure.com/subscriptions/00000000-0000-0000-0000-000000000000/resourceGroups/cli-test-stdssdk000001/providers/Microsoft.Compute/disks/d2?api-version=2020-06-30
  response:
    body:
      string: "{\r\n  \"name\": \"d2\",\r\n  \"location\": \"eastus\",\r\n  \"tags\"\
        : {},\r\n  \"sku\": {\r\n    \"name\": \"UltraSSD_LRS\"\r\n  },\r\n  \"properties\"\
        : {\r\n    \"hyperVGeneration\": \"V1\",\r\n    \"creationData\": {\r\n  \
        \    \"createOption\": \"Empty\"\r\n    },\r\n    \"diskSizeGB\": 4,\r\n \
        \   \"diskIOPSReadWrite\": 100,\r\n    \"diskMBpsReadWrite\": 13,\r\n    \"\
        readOnly\": false,\r\n    \"diskIOPSReadOnly\": 100,\r\n    \"diskMBpsReadOnly\"\
        : 13,\r\n    \"provisioningState\": \"Updating\",\r\n    \"isArmResource\"\
        : true\r\n  }\r\n}"
    headers:
      azure-asyncoperation:
      - https://management.azure.com/subscriptions/00000000-0000-0000-0000-000000000000/providers/Microsoft.Compute/locations/eastus/DiskOperations/9d51a641-e4ee-4053-ac4c-d2094770015d?api-version=2020-06-30
      cache-control:
      - no-cache
      content-length:
      - '455'
      content-type:
      - application/json; charset=utf-8
      date:
      - Wed, 16 Sep 2020 07:07:01 GMT
      expires:
      - '-1'
      location:
      - https://management.azure.com/subscriptions/00000000-0000-0000-0000-000000000000/providers/Microsoft.Compute/locations/eastus/DiskOperations/9d51a641-e4ee-4053-ac4c-d2094770015d?monitor=true&api-version=2020-06-30
      pragma:
      - no-cache
      server:
      - Microsoft-HTTPAPI/2.0
      - Microsoft-HTTPAPI/2.0
      strict-transport-security:
      - max-age=31536000; includeSubDomains
      x-content-type-options:
      - nosniff
      x-ms-ratelimit-remaining-resource:
      - Microsoft.Compute/CreateUpdateDisks3Min;998,Microsoft.Compute/CreateUpdateDisks30Min;7998
      x-ms-ratelimit-remaining-subscription-writes:
      - '1198'
    status:
      code: 202
      message: Accepted
- request:
    body: null
    headers:
      Accept:
      - application/json
      Accept-Encoding:
      - gzip, deflate
      CommandName:
      - disk create
      Connection:
      - keep-alive
      ParameterSetName:
      - -g -n --size-gb --sku
      User-Agent:
      - python/3.8.5 (Linux-5.4.0-1025-azure-x86_64-with-glibc2.2.5) msrest/0.6.18
        VSTS_0fb41ef4-5012-48a9-bf39-4ee3de03ee35_build_1655_0 msrest_azure/0.6.3
        azure-mgmt-compute/13.1.0 Azure-SDK-For-Python AZURECLI/2.11.1
    method: GET
    uri: https://management.azure.com/subscriptions/00000000-0000-0000-0000-000000000000/providers/Microsoft.Compute/locations/eastus/DiskOperations/9d51a641-e4ee-4053-ac4c-d2094770015d?api-version=2020-06-30
  response:
    body:
      string: "{\r\n  \"startTime\": \"2020-09-16T07:07:02.3652727+00:00\",\r\n  \"\
        status\": \"InProgress\",\r\n  \"name\": \"9d51a641-e4ee-4053-ac4c-d2094770015d\"\
        \r\n}"
    headers:
      cache-control:
      - no-cache
      content-length:
      - '134'
      content-type:
      - application/json; charset=utf-8
      date:
      - Wed, 16 Sep 2020 07:07:04 GMT
      expires:
      - '-1'
      pragma:
      - no-cache
      server:
      - Microsoft-HTTPAPI/2.0
      - Microsoft-HTTPAPI/2.0
      strict-transport-security:
      - max-age=31536000; includeSubDomains
      transfer-encoding:
      - chunked
      vary:
      - Accept-Encoding
      x-content-type-options:
      - nosniff
      x-ms-ratelimit-remaining-resource:
      - Microsoft.Compute/GetOperation3Min;49997,Microsoft.Compute/GetOperation30Min;399997
    status:
      code: 200
      message: OK
- request:
    body: null
    headers:
      Accept:
      - application/json
      Accept-Encoding:
      - gzip, deflate
      CommandName:
      - disk create
      Connection:
      - keep-alive
      ParameterSetName:
      - -g -n --size-gb --sku
      User-Agent:
      - python/3.8.5 (Linux-5.4.0-1025-azure-x86_64-with-glibc2.2.5) msrest/0.6.18
        VSTS_0fb41ef4-5012-48a9-bf39-4ee3de03ee35_build_1655_0 msrest_azure/0.6.3
        azure-mgmt-compute/13.1.0 Azure-SDK-For-Python AZURECLI/2.11.1
    method: GET
    uri: https://management.azure.com/subscriptions/00000000-0000-0000-0000-000000000000/providers/Microsoft.Compute/locations/eastus/DiskOperations/9d51a641-e4ee-4053-ac4c-d2094770015d?api-version=2020-06-30
  response:
    body:
      string: "{\r\n  \"startTime\": \"2020-09-16T07:07:02.3652727+00:00\",\r\n  \"\
        status\": \"InProgress\",\r\n  \"name\": \"9d51a641-e4ee-4053-ac4c-d2094770015d\"\
        \r\n}"
    headers:
      cache-control:
      - no-cache
      content-length:
      - '134'
      content-type:
      - application/json; charset=utf-8
      date:
      - Wed, 16 Sep 2020 07:07:14 GMT
      expires:
      - '-1'
      pragma:
      - no-cache
      server:
      - Microsoft-HTTPAPI/2.0
      - Microsoft-HTTPAPI/2.0
      strict-transport-security:
      - max-age=31536000; includeSubDomains
      transfer-encoding:
      - chunked
      vary:
      - Accept-Encoding
      x-content-type-options:
      - nosniff
      x-ms-ratelimit-remaining-resource:
      - Microsoft.Compute/GetOperation3Min;49995,Microsoft.Compute/GetOperation30Min;399995
    status:
      code: 200
      message: OK
- request:
    body: null
    headers:
      Accept:
      - application/json
      Accept-Encoding:
      - gzip, deflate
      CommandName:
      - disk create
      Connection:
      - keep-alive
      ParameterSetName:
      - -g -n --size-gb --sku
      User-Agent:
      - python/3.8.5 (Linux-5.4.0-1025-azure-x86_64-with-glibc2.2.5) msrest/0.6.18
        VSTS_0fb41ef4-5012-48a9-bf39-4ee3de03ee35_build_1655_0 msrest_azure/0.6.3
        azure-mgmt-compute/13.1.0 Azure-SDK-For-Python AZURECLI/2.11.1
    method: GET
    uri: https://management.azure.com/subscriptions/00000000-0000-0000-0000-000000000000/providers/Microsoft.Compute/locations/eastus/DiskOperations/9d51a641-e4ee-4053-ac4c-d2094770015d?api-version=2020-06-30
  response:
    body:
      string: "{\r\n  \"startTime\": \"2020-09-16T07:07:02.3652727+00:00\",\r\n  \"\
        endTime\": \"2020-09-16T07:07:29.7723988+00:00\",\r\n  \"status\": \"Succeeded\"\
        ,\r\n  \"properties\": {\r\n    \"output\": {\"name\":\"d2\",\"id\":\"/subscriptions/00000000-0000-0000-0000-000000000000/resourceGroups/cli-test-stdssdk000001/providers/Microsoft.Compute/disks/d2\"\
        ,\"type\":\"Microsoft.Compute/disks\",\"location\":\"eastus\",\"tags\":{},\"\
        sku\":{\"name\":\"UltraSSD_LRS\",\"tier\":\"Ultra\"},\"properties\":{\"hyperVGeneration\"\
        :\"V1\",\"creationData\":{\"createOption\":\"Empty\",\"logicalSectorSize\"\
        :4096},\"diskSizeGB\":4,\"diskIOPSReadWrite\":100,\"diskMBpsReadWrite\":13,\"\
        readOnly\":false,\"diskIOPSReadOnly\":100,\"diskMBpsReadOnly\":13,\"encryption\"\
        :{\"type\":\"EncryptionAtRestWithPlatformKey\"},\"maxShares\":1,\"timeCreated\"\
        :\"2020-09-16T07:07:02.3808771+00:00\",\"provisioningState\":\"Succeeded\"\
        ,\"diskState\":\"Unattached\",\"diskSizeBytes\":4294967296,\"uniqueId\":\"\
        2a0e0158-d427-46be-9e4e-bb9d759bb016\",\"networkAccessPolicy\":\"AllowAll\"\
        }}\r\n  },\r\n  \"name\": \"9d51a641-e4ee-4053-ac4c-d2094770015d\"\r\n}"
    headers:
      cache-control:
      - no-cache
      content-length:
      - '1048'
      content-type:
      - application/json; charset=utf-8
      date:
      - Wed, 16 Sep 2020 07:07:44 GMT
      expires:
      - '-1'
      pragma:
      - no-cache
      server:
      - Microsoft-HTTPAPI/2.0
      - Microsoft-HTTPAPI/2.0
      strict-transport-security:
      - max-age=31536000; includeSubDomains
      transfer-encoding:
      - chunked
      vary:
      - Accept-Encoding
      x-content-type-options:
      - nosniff
      x-ms-ratelimit-remaining-resource:
      - Microsoft.Compute/GetOperation3Min;49992,Microsoft.Compute/GetOperation30Min;399992
    status:
      code: 200
      message: OK
- request:
    body: null
    headers:
      Accept:
      - application/json
      Accept-Encoding:
      - gzip, deflate
      CommandName:
      - disk create
      Connection:
      - keep-alive
      ParameterSetName:
      - -g -n --size-gb --sku
      User-Agent:
      - python/3.8.5 (Linux-5.4.0-1025-azure-x86_64-with-glibc2.2.5) msrest/0.6.18
        VSTS_0fb41ef4-5012-48a9-bf39-4ee3de03ee35_build_1655_0 msrest_azure/0.6.3
        azure-mgmt-compute/13.1.0 Azure-SDK-For-Python AZURECLI/2.11.1
    method: GET
    uri: https://management.azure.com/subscriptions/00000000-0000-0000-0000-000000000000/resourceGroups/cli-test-stdssdk000001/providers/Microsoft.Compute/disks/d2?api-version=2020-06-30
  response:
    body:
      string: "{\r\n  \"name\": \"d2\",\r\n  \"id\": \"/subscriptions/00000000-0000-0000-0000-000000000000/resourceGroups/cli-test-stdssdk000001/providers/Microsoft.Compute/disks/d2\"\
        ,\r\n  \"type\": \"Microsoft.Compute/disks\",\r\n  \"location\": \"eastus\"\
        ,\r\n  \"tags\": {},\r\n  \"sku\": {\r\n    \"name\": \"UltraSSD_LRS\",\r\n\
        \    \"tier\": \"Ultra\"\r\n  },\r\n  \"properties\": {\r\n    \"hyperVGeneration\"\
        : \"V1\",\r\n    \"creationData\": {\r\n      \"createOption\": \"Empty\"\
        ,\r\n      \"logicalSectorSize\": 4096\r\n    },\r\n    \"diskSizeGB\": 4,\r\
        \n    \"diskIOPSReadWrite\": 100,\r\n    \"diskMBpsReadWrite\": 13,\r\n  \
        \  \"readOnly\": false,\r\n    \"diskIOPSReadOnly\": 100,\r\n    \"diskMBpsReadOnly\"\
        : 13,\r\n    \"encryption\": {\r\n      \"type\": \"EncryptionAtRestWithPlatformKey\"\
        \r\n    },\r\n    \"maxShares\": 1,\r\n    \"timeCreated\": \"2020-09-16T07:07:02.3808771+00:00\"\
        ,\r\n    \"provisioningState\": \"Succeeded\",\r\n    \"diskState\": \"Unattached\"\
        ,\r\n    \"diskSizeBytes\": 4294967296,\r\n    \"uniqueId\": \"2a0e0158-d427-46be-9e4e-bb9d759bb016\"\
        ,\r\n    \"networkAccessPolicy\": \"AllowAll\"\r\n  }\r\n}"
    headers:
      cache-control:
      - no-cache
      content-length:
      - '1033'
      content-type:
      - application/json; charset=utf-8
      date:
      - Wed, 16 Sep 2020 07:07:44 GMT
      expires:
      - '-1'
      pragma:
      - no-cache
      server:
      - Microsoft-HTTPAPI/2.0
      - Microsoft-HTTPAPI/2.0
      strict-transport-security:
      - max-age=31536000; includeSubDomains
      transfer-encoding:
      - chunked
      vary:
      - Accept-Encoding
      x-content-type-options:
      - nosniff
      x-ms-ratelimit-remaining-resource:
      - Microsoft.Compute/LowCostGet3Min;4993,Microsoft.Compute/LowCostGet30Min;39993
    status:
      code: 200
      message: OK
- request:
    body: null
    headers:
      Accept:
      - '*/*'
      Accept-Encoding:
      - gzip, deflate
      Connection:
      - keep-alive
      User-Agent:
      - python-requests/2.22.0
    method: GET
    uri: https://raw.githubusercontent.com/Azure/azure-rest-api-specs/master/arm-compute/quickstart-templates/aliases.json
  response:
    body:
      string: "{\n  \"$schema\": \"http://schema.management.azure.com/schemas/2015-01-01/deploymentTemplate.json\"\
        ,\n  \"contentVersion\": \"1.0.0.0\",\n  \"parameters\": {},\n  \"variables\"\
        : {},\n  \"resources\": [],\n  \"outputs\": {\n    \"aliases\": {\n      \"\
        type\": \"object\",\n      \"value\": {\n        \"Linux\": {\n          \"\
        CentOS\": {\n            \"publisher\": \"OpenLogic\",\n            \"offer\"\
        : \"CentOS\",\n            \"sku\": \"7.5\",\n            \"version\": \"\
        latest\"\n          },\n          \"CoreOS\": {\n            \"publisher\"\
        : \"CoreOS\",\n            \"offer\": \"CoreOS\",\n            \"sku\": \"\
        Stable\",\n            \"version\": \"latest\"\n          },\n          \"\
        Debian\": {\n            \"publisher\": \"Debian\",\n            \"offer\"\
        : \"debian-10\",\n            \"sku\": \"10\",\n            \"version\": \"\
        latest\"\n          },\n          \"openSUSE-Leap\": {\n            \"publisher\"\
        : \"SUSE\",\n            \"offer\": \"openSUSE-Leap\",\n            \"sku\"\
        : \"42.3\",\n            \"version\": \"latest\"\n          },\n         \
        \ \"RHEL\": {\n            \"publisher\": \"RedHat\",\n            \"offer\"\
        : \"RHEL\",\n            \"sku\": \"7-LVM\",\n            \"version\": \"\
        latest\"\n          },\n          \"SLES\": {\n            \"publisher\":\
        \ \"SUSE\",\n            \"offer\": \"SLES\",\n            \"sku\": \"15\"\
        ,\n            \"version\": \"latest\"\n          },\n          \"UbuntuLTS\"\
        : {\n            \"publisher\": \"Canonical\",\n            \"offer\": \"\
        UbuntuServer\",\n            \"sku\": \"18.04-LTS\",\n            \"version\"\
        : \"latest\"\n          }\n        },\n        \"Windows\": {\n          \"\
        Win2019Datacenter\": {\n            \"publisher\": \"MicrosoftWindowsServer\"\
        ,\n            \"offer\": \"WindowsServer\",\n            \"sku\": \"2019-Datacenter\"\
        ,\n            \"version\": \"latest\"\n          },\n          \"Win2016Datacenter\"\
        : {\n            \"publisher\": \"MicrosoftWindowsServer\",\n            \"\
        offer\": \"WindowsServer\",\n            \"sku\": \"2016-Datacenter\",\n \
        \           \"version\": \"latest\"\n          },\n          \"Win2012R2Datacenter\"\
        : {\n            \"publisher\": \"MicrosoftWindowsServer\",\n            \"\
        offer\": \"WindowsServer\",\n            \"sku\": \"2012-R2-Datacenter\",\n\
        \            \"version\": \"latest\"\n          },\n          \"Win2012Datacenter\"\
        : {\n            \"publisher\": \"MicrosoftWindowsServer\",\n            \"\
        offer\": \"WindowsServer\",\n            \"sku\": \"2012-Datacenter\",\n \
        \           \"version\": \"latest\"\n          },\n          \"Win2008R2SP1\"\
        : {\n            \"publisher\": \"MicrosoftWindowsServer\",\n            \"\
        offer\": \"WindowsServer\",\n            \"sku\": \"2008-R2-SP1\",\n     \
        \       \"version\": \"latest\"\n          }\n        }\n      }\n    }\n\
        \  }\n}\n"
    headers:
      accept-ranges:
      - bytes
      access-control-allow-origin:
      - '*'
      cache-control:
      - max-age=300
      connection:
      - keep-alive
      content-length:
      - '2501'
      content-security-policy:
      - default-src 'none'; style-src 'unsafe-inline'; sandbox
      content-type:
      - text/plain; charset=utf-8
      date:
      - Wed, 16 Sep 2020 07:07:45 GMT
      etag:
      - W/"540044b4084c3c314537f1baa1770f248628b2bc9ba0328f1004c33862e049da"
      expires:
      - Wed, 16 Sep 2020 07:12:45 GMT
      source-age:
      - '152'
      strict-transport-security:
      - max-age=31536000
      vary:
      - Authorization,Accept-Encoding
      via:
      - 1.1 varnish (Varnish/6.0)
      - 1.1 varnish
      x-cache:
      - HIT, HIT
      x-cache-hits:
      - 1, 2
      x-content-type-options:
      - nosniff
      x-fastly-request-id:
      - 356289db9d0722e4315cf6dec233d7820b274c42
      x-frame-options:
      - deny
      x-github-request-id:
      - 9CE0:5201:247D5E:29F2C0:5F61919F
      x-served-by:
      - cache-mdw17370-MDW
      x-timer:
      - S1600240066.688016,VS0,VE0
      x-xss-protection:
      - 1; mode=block
    status:
      code: 200
      message: OK
- request:
    body: null
    headers:
      Accept:
      - application/json
      Accept-Encoding:
      - gzip, deflate
      CommandName:
      - vm create
      Connection:
      - keep-alive
      ParameterSetName:
      - -g -n --admin-username --size --admin-password --image --storage-sku --data-disk-sizes-gb
        --zone --location --nsg-rule
      User-Agent:
      - python/3.8.5 (Linux-5.4.0-1025-azure-x86_64-with-glibc2.2.5) msrest/0.6.18
        VSTS_0fb41ef4-5012-48a9-bf39-4ee3de03ee35_build_1655_0 msrest_azure/0.6.3
        azure-mgmt-network/11.0.0 Azure-SDK-For-Python AZURECLI/2.11.1
      accept-language:
      - en-US
    method: GET
    uri: https://management.azure.com/subscriptions/00000000-0000-0000-0000-000000000000/resourceGroups/cli-test-stdssdk000001/providers/Microsoft.Network/virtualNetworks?api-version=2018-01-01
  response:
    body:
      string: '{"value":[]}'
    headers:
      cache-control:
      - no-cache
      content-length:
      - '12'
      content-type:
      - application/json; charset=utf-8
      date:
      - Wed, 16 Sep 2020 07:07:45 GMT
      expires:
      - '-1'
      pragma:
      - no-cache
      strict-transport-security:
      - max-age=31536000; includeSubDomains
      vary:
      - Accept-Encoding
      x-content-type-options:
      - nosniff
    status:
      code: 200
      message: OK
- request:
    body: '{"properties": {"template": {"$schema": "https://schema.management.azure.com/schemas/2015-01-01/deploymentTemplate.json#",
      "contentVersion": "1.0.0.0", "parameters": {"adminPassword": {"type": "securestring",
      "metadata": {"description": "Secure adminPassword"}}}, "variables": {}, "resources":
      [{"name": "vm-ultrassdVNET", "type": "Microsoft.Network/virtualNetworks", "location":
      "eastus", "apiVersion": "2015-06-15", "dependsOn": [], "tags": {}, "properties":
      {"addressSpace": {"addressPrefixes": ["10.0.0.0/16"]}, "subnets": [{"name":
      "vm-ultrassdSubnet", "properties": {"addressPrefix": "10.0.0.0/24"}}]}}, {"type":
      "Microsoft.Network/networkSecurityGroups", "name": "vm-ultrassdNSG", "apiVersion":
      "2015-06-15", "location": "eastus", "tags": {}, "dependsOn": []}, {"apiVersion":
      "2018-01-01", "type": "Microsoft.Network/publicIPAddresses", "name": "vm-ultrassdPublicIP",
      "location": "eastus", "tags": {}, "dependsOn": [], "properties": {"publicIPAllocationMethod":
      "Static"}, "zones": ["2"], "sku": {"name": "Standard"}}, {"apiVersion": "2015-06-15",
      "type": "Microsoft.Network/networkInterfaces", "name": "vm-ultrassdVMNic", "location":
      "eastus", "tags": {}, "dependsOn": ["Microsoft.Network/virtualNetworks/vm-ultrassdVNET",
      "Microsoft.Network/networkSecurityGroups/vm-ultrassdNSG", "Microsoft.Network/publicIpAddresses/vm-ultrassdPublicIP"],
      "properties": {"ipConfigurations": [{"name": "ipconfigvm-ultrassd", "properties":
      {"privateIPAllocationMethod": "Dynamic", "subnet": {"id": "/subscriptions/00000000-0000-0000-0000-000000000000/resourceGroups/cli-test-stdssdk000001/providers/Microsoft.Network/virtualNetworks/vm-ultrassdVNET/subnets/vm-ultrassdSubnet"},
      "publicIPAddress": {"id": "/subscriptions/00000000-0000-0000-0000-000000000000/resourceGroups/cli-test-stdssdk000001/providers/Microsoft.Network/publicIPAddresses/vm-ultrassdPublicIP"}}}],
      "networkSecurityGroup": {"id": "/subscriptions/00000000-0000-0000-0000-000000000000/resourceGroups/cli-test-stdssdk000001/providers/Microsoft.Network/networkSecurityGroups/vm-ultrassdNSG"}}},
      {"apiVersion": "2020-06-01", "type": "Microsoft.Compute/virtualMachines", "name":
      "vm-ultrassd", "location": "eastus", "tags": {}, "dependsOn": ["Microsoft.Network/networkInterfaces/vm-ultrassdVMNic"],
      "properties": {"hardwareProfile": {"vmSize": "Standard_D2s_v3"}, "networkProfile":
      {"networkInterfaces": [{"id": "/subscriptions/00000000-0000-0000-0000-000000000000/resourceGroups/cli-test-stdssdk000001/providers/Microsoft.Network/networkInterfaces/vm-ultrassdVMNic"}]},
      "storageProfile": {"osDisk": {"createOption": "fromImage", "name": null, "caching":
      "ReadWrite", "managedDisk": {"storageAccountType": null}}, "imageReference":
      {"publisher": "Debian", "offer": "debian-10", "sku": "10", "version": "latest"},
      "dataDisks": [{"lun": 0, "managedDisk": {"storageAccountType": "UltraSSD_LRS"},
      "createOption": "empty", "diskSizeGB": 4}]}, "osProfile": {"computerName": "vm-ultrassd",
      "adminUsername": "admin123", "adminPassword": "[parameters(''adminPassword'')]"},
      "additionalCapabilities": {"ultraSSDEnabled": true}}, "zones": ["2"]}], "outputs":
      {}}, "parameters": {"adminPassword": {"value": "testPassword0"}}, "mode": "Incremental"}}'
    headers:
      Accept:
      - application/json
      Accept-Encoding:
      - gzip, deflate
      CommandName:
      - vm create
      Connection:
      - keep-alive
      Content-Length:
      - '3400'
      Content-Type:
      - application/json; charset=utf-8
      ParameterSetName:
      - -g -n --admin-username --size --admin-password --image --storage-sku --data-disk-sizes-gb
        --zone --location --nsg-rule
      User-Agent:
      - python/3.8.5 (Linux-5.4.0-1025-azure-x86_64-with-glibc2.2.5) msrest/0.6.18
        VSTS_0fb41ef4-5012-48a9-bf39-4ee3de03ee35_build_1655_0 msrest_azure/0.6.3
        azure-mgmt-resource/10.2.0 Azure-SDK-For-Python AZURECLI/2.11.1
      accept-language:
      - en-US
    method: PUT
    uri: https://management.azure.com/subscriptions/00000000-0000-0000-0000-000000000000/resourcegroups/cli-test-stdssdk000001/providers/Microsoft.Resources/deployments/mock-deployment?api-version=2020-06-01
  response:
    body:
      string: '{"id":"/subscriptions/00000000-0000-0000-0000-000000000000/resourceGroups/cli-test-stdssdk000001/providers/Microsoft.Resources/deployments/vm_deploy_t9ITXff6FbPHlN4W2enuifoJhxCGLhER","name":"vm_deploy_t9ITXff6FbPHlN4W2enuifoJhxCGLhER","type":"Microsoft.Resources/deployments","properties":{"templateHash":"258959952502393721","parameters":{"adminPassword":{"type":"SecureString"}},"mode":"Incremental","provisioningState":"Accepted","timestamp":"2020-09-16T07:07:47.3564347Z","duration":"PT1.1219862S","correlationId":"b0f7cdd8-9aa3-4f4d-a49c-fb491a7914e1","providers":[{"namespace":"Microsoft.Network","resourceTypes":[{"resourceType":"virtualNetworks","locations":["eastus"]},{"resourceType":"networkSecurityGroups","locations":["eastus"]},{"resourceType":"publicIPAddresses","locations":["eastus"]},{"resourceType":"networkInterfaces","locations":["eastus"]}]},{"namespace":"Microsoft.Compute","resourceTypes":[{"resourceType":"virtualMachines","locations":["eastus"]}]}],"dependencies":[{"dependsOn":[{"id":"/subscriptions/00000000-0000-0000-0000-000000000000/resourceGroups/cli-test-stdssdk000001/providers/Microsoft.Network/virtualNetworks/vm-ultrassdVNET","resourceType":"Microsoft.Network/virtualNetworks","resourceName":"vm-ultrassdVNET"},{"id":"/subscriptions/00000000-0000-0000-0000-000000000000/resourceGroups/cli-test-stdssdk000001/providers/Microsoft.Network/networkSecurityGroups/vm-ultrassdNSG","resourceType":"Microsoft.Network/networkSecurityGroups","resourceName":"vm-ultrassdNSG"},{"id":"/subscriptions/00000000-0000-0000-0000-000000000000/resourceGroups/cli-test-stdssdk000001/providers/Microsoft.Network/publicIPAddresses/vm-ultrassdPublicIP","resourceType":"Microsoft.Network/publicIPAddresses","resourceName":"vm-ultrassdPublicIP"}],"id":"/subscriptions/00000000-0000-0000-0000-000000000000/resourceGroups/cli-test-stdssdk000001/providers/Microsoft.Network/networkInterfaces/vm-ultrassdVMNic","resourceType":"Microsoft.Network/networkInterfaces","resourceName":"vm-ultrassdVMNic"},{"dependsOn":[{"id":"/subscriptions/00000000-0000-0000-0000-000000000000/resourceGroups/cli-test-stdssdk000001/providers/Microsoft.Network/networkInterfaces/vm-ultrassdVMNic","resourceType":"Microsoft.Network/networkInterfaces","resourceName":"vm-ultrassdVMNic"}],"id":"/subscriptions/00000000-0000-0000-0000-000000000000/resourceGroups/cli-test-stdssdk000001/providers/Microsoft.Compute/virtualMachines/vm-ultrassd","resourceType":"Microsoft.Compute/virtualMachines","resourceName":"vm-ultrassd"}]}}'
    headers:
      azure-asyncoperation:
      - https://management.azure.com/subscriptions/00000000-0000-0000-0000-000000000000/resourcegroups/cli-test-stdssdk000001/providers/Microsoft.Resources/deployments/vm_deploy_t9ITXff6FbPHlN4W2enuifoJhxCGLhER/operationStatuses/08586013668192431792?api-version=2020-06-01
      cache-control:
      - no-cache
      content-length:
      - '2876'
      content-type:
      - application/json; charset=utf-8
      date:
      - Wed, 16 Sep 2020 07:07:46 GMT
      expires:
      - '-1'
      pragma:
      - no-cache
      strict-transport-security:
      - max-age=31536000; includeSubDomains
      x-content-type-options:
      - nosniff
      x-ms-ratelimit-remaining-subscription-writes:
      - '1199'
    status:
      code: 201
      message: Created
- request:
    body: null
    headers:
      Accept:
      - application/json
      Accept-Encoding:
      - gzip, deflate
      CommandName:
      - vm create
      Connection:
      - keep-alive
      ParameterSetName:
      - -g -n --admin-username --size --admin-password --image --storage-sku --data-disk-sizes-gb
        --zone --location --nsg-rule
      User-Agent:
      - python/3.8.5 (Linux-5.4.0-1025-azure-x86_64-with-glibc2.2.5) msrest/0.6.18
        VSTS_0fb41ef4-5012-48a9-bf39-4ee3de03ee35_build_1655_0 msrest_azure/0.6.3
        azure-mgmt-resource/10.2.0 Azure-SDK-For-Python AZURECLI/2.11.1
    method: GET
    uri: https://management.azure.com/subscriptions/00000000-0000-0000-0000-000000000000/resourcegroups/cli-test-stdssdk000001/providers/Microsoft.Resources/deployments/mock-deployment/operationStatuses/08586013668192431792?api-version=2020-06-01
  response:
    body:
      string: '{"status":"Running"}'
    headers:
      cache-control:
      - no-cache
      content-length:
      - '20'
      content-type:
      - application/json; charset=utf-8
      date:
      - Wed, 16 Sep 2020 07:08:17 GMT
      expires:
      - '-1'
      pragma:
      - no-cache
      strict-transport-security:
      - max-age=31536000; includeSubDomains
      vary:
      - Accept-Encoding
      x-content-type-options:
      - nosniff
    status:
      code: 200
      message: OK
- request:
    body: null
    headers:
      Accept:
      - application/json
      Accept-Encoding:
      - gzip, deflate
      CommandName:
      - vm create
      Connection:
      - keep-alive
      ParameterSetName:
      - -g -n --admin-username --size --admin-password --image --storage-sku --data-disk-sizes-gb
        --zone --location --nsg-rule
      User-Agent:
      - python/3.8.5 (Linux-5.4.0-1025-azure-x86_64-with-glibc2.2.5) msrest/0.6.18
        VSTS_0fb41ef4-5012-48a9-bf39-4ee3de03ee35_build_1655_0 msrest_azure/0.6.3
        azure-mgmt-resource/10.2.0 Azure-SDK-For-Python AZURECLI/2.11.1
    method: GET
    uri: https://management.azure.com/subscriptions/00000000-0000-0000-0000-000000000000/resourcegroups/cli-test-stdssdk000001/providers/Microsoft.Resources/deployments/mock-deployment/operationStatuses/08586013668192431792?api-version=2020-06-01
  response:
    body:
      string: '{"status":"Running"}'
    headers:
      cache-control:
      - no-cache
      content-length:
      - '20'
      content-type:
      - application/json; charset=utf-8
      date:
      - Wed, 16 Sep 2020 07:08:47 GMT
      expires:
      - '-1'
      pragma:
      - no-cache
      strict-transport-security:
      - max-age=31536000; includeSubDomains
      vary:
      - Accept-Encoding
      x-content-type-options:
      - nosniff
    status:
      code: 200
      message: OK
- request:
    body: null
    headers:
      Accept:
      - application/json
      Accept-Encoding:
      - gzip, deflate
      CommandName:
      - vm create
      Connection:
      - keep-alive
      ParameterSetName:
      - -g -n --admin-username --size --admin-password --image --storage-sku --data-disk-sizes-gb
        --zone --location --nsg-rule
      User-Agent:
      - python/3.8.5 (Linux-5.4.0-1025-azure-x86_64-with-glibc2.2.5) msrest/0.6.18
        VSTS_0fb41ef4-5012-48a9-bf39-4ee3de03ee35_build_1655_0 msrest_azure/0.6.3
        azure-mgmt-resource/10.2.0 Azure-SDK-For-Python AZURECLI/2.11.1
    method: GET
    uri: https://management.azure.com/subscriptions/00000000-0000-0000-0000-000000000000/resourcegroups/cli-test-stdssdk000001/providers/Microsoft.Resources/deployments/mock-deployment/operationStatuses/08586013668192431792?api-version=2020-06-01
  response:
    body:
      string: '{"status":"Succeeded"}'
    headers:
      cache-control:
      - no-cache
      content-length:
      - '22'
      content-type:
      - application/json; charset=utf-8
      date:
      - Wed, 16 Sep 2020 07:09:17 GMT
      expires:
      - '-1'
      pragma:
      - no-cache
      strict-transport-security:
      - max-age=31536000; includeSubDomains
      vary:
      - Accept-Encoding
      x-content-type-options:
      - nosniff
    status:
      code: 200
      message: OK
- request:
    body: null
    headers:
      Accept:
      - application/json
      Accept-Encoding:
      - gzip, deflate
      CommandName:
      - vm create
      Connection:
      - keep-alive
      ParameterSetName:
      - -g -n --admin-username --size --admin-password --image --storage-sku --data-disk-sizes-gb
        --zone --location --nsg-rule
      User-Agent:
      - python/3.8.5 (Linux-5.4.0-1025-azure-x86_64-with-glibc2.2.5) msrest/0.6.18
        VSTS_0fb41ef4-5012-48a9-bf39-4ee3de03ee35_build_1655_0 msrest_azure/0.6.3
        azure-mgmt-resource/10.2.0 Azure-SDK-For-Python AZURECLI/2.11.1
    method: GET
    uri: https://management.azure.com/subscriptions/00000000-0000-0000-0000-000000000000/resourcegroups/cli-test-stdssdk000001/providers/Microsoft.Resources/deployments/mock-deployment?api-version=2020-06-01
  response:
    body:
      string: '{"id":"/subscriptions/00000000-0000-0000-0000-000000000000/resourceGroups/cli-test-stdssdk000001/providers/Microsoft.Resources/deployments/vm_deploy_t9ITXff6FbPHlN4W2enuifoJhxCGLhER","name":"vm_deploy_t9ITXff6FbPHlN4W2enuifoJhxCGLhER","type":"Microsoft.Resources/deployments","properties":{"templateHash":"258959952502393721","parameters":{"adminPassword":{"type":"SecureString"}},"mode":"Incremental","provisioningState":"Succeeded","timestamp":"2020-09-16T07:08:48.4420153Z","duration":"PT1M2.2075668S","correlationId":"b0f7cdd8-9aa3-4f4d-a49c-fb491a7914e1","providers":[{"namespace":"Microsoft.Network","resourceTypes":[{"resourceType":"virtualNetworks","locations":["eastus"]},{"resourceType":"networkSecurityGroups","locations":["eastus"]},{"resourceType":"publicIPAddresses","locations":["eastus"]},{"resourceType":"networkInterfaces","locations":["eastus"]}]},{"namespace":"Microsoft.Compute","resourceTypes":[{"resourceType":"virtualMachines","locations":["eastus"]}]}],"dependencies":[{"dependsOn":[{"id":"/subscriptions/00000000-0000-0000-0000-000000000000/resourceGroups/cli-test-stdssdk000001/providers/Microsoft.Network/virtualNetworks/vm-ultrassdVNET","resourceType":"Microsoft.Network/virtualNetworks","resourceName":"vm-ultrassdVNET"},{"id":"/subscriptions/00000000-0000-0000-0000-000000000000/resourceGroups/cli-test-stdssdk000001/providers/Microsoft.Network/networkSecurityGroups/vm-ultrassdNSG","resourceType":"Microsoft.Network/networkSecurityGroups","resourceName":"vm-ultrassdNSG"},{"id":"/subscriptions/00000000-0000-0000-0000-000000000000/resourceGroups/cli-test-stdssdk000001/providers/Microsoft.Network/publicIPAddresses/vm-ultrassdPublicIP","resourceType":"Microsoft.Network/publicIPAddresses","resourceName":"vm-ultrassdPublicIP"}],"id":"/subscriptions/00000000-0000-0000-0000-000000000000/resourceGroups/cli-test-stdssdk000001/providers/Microsoft.Network/networkInterfaces/vm-ultrassdVMNic","resourceType":"Microsoft.Network/networkInterfaces","resourceName":"vm-ultrassdVMNic"},{"dependsOn":[{"id":"/subscriptions/00000000-0000-0000-0000-000000000000/resourceGroups/cli-test-stdssdk000001/providers/Microsoft.Network/networkInterfaces/vm-ultrassdVMNic","resourceType":"Microsoft.Network/networkInterfaces","resourceName":"vm-ultrassdVMNic"}],"id":"/subscriptions/00000000-0000-0000-0000-000000000000/resourceGroups/cli-test-stdssdk000001/providers/Microsoft.Compute/virtualMachines/vm-ultrassd","resourceType":"Microsoft.Compute/virtualMachines","resourceName":"vm-ultrassd"}],"outputs":{},"outputResources":[{"id":"/subscriptions/00000000-0000-0000-0000-000000000000/resourceGroups/cli-test-stdssdk000001/providers/Microsoft.Compute/virtualMachines/vm-ultrassd"},{"id":"/subscriptions/00000000-0000-0000-0000-000000000000/resourceGroups/cli-test-stdssdk000001/providers/Microsoft.Network/networkInterfaces/vm-ultrassdVMNic"},{"id":"/subscriptions/00000000-0000-0000-0000-000000000000/resourceGroups/cli-test-stdssdk000001/providers/Microsoft.Network/networkSecurityGroups/vm-ultrassdNSG"},{"id":"/subscriptions/00000000-0000-0000-0000-000000000000/resourceGroups/cli-test-stdssdk000001/providers/Microsoft.Network/publicIPAddresses/vm-ultrassdPublicIP"},{"id":"/subscriptions/00000000-0000-0000-0000-000000000000/resourceGroups/cli-test-stdssdk000001/providers/Microsoft.Network/virtualNetworks/vm-ultrassdVNET"}]}}'
    headers:
      cache-control:
      - no-cache
      content-length:
      - '3982'
      content-type:
      - application/json; charset=utf-8
      date:
      - Wed, 16 Sep 2020 07:09:17 GMT
      expires:
      - '-1'
      pragma:
      - no-cache
      strict-transport-security:
      - max-age=31536000; includeSubDomains
      vary:
      - Accept-Encoding
      x-content-type-options:
      - nosniff
    status:
      code: 200
      message: OK
- request:
    body: null
    headers:
      Accept:
      - application/json
      Accept-Encoding:
      - gzip, deflate
      CommandName:
      - vm create
      Connection:
      - keep-alive
      ParameterSetName:
      - -g -n --admin-username --size --admin-password --image --storage-sku --data-disk-sizes-gb
        --zone --location --nsg-rule
      User-Agent:
      - python/3.8.5 (Linux-5.4.0-1025-azure-x86_64-with-glibc2.2.5) msrest/0.6.18
        VSTS_0fb41ef4-5012-48a9-bf39-4ee3de03ee35_build_1655_0 msrest_azure/0.6.3
        azure-mgmt-compute/13.1.0 Azure-SDK-For-Python AZURECLI/2.11.1
      accept-language:
      - en-US
    method: GET
    uri: https://management.azure.com/subscriptions/00000000-0000-0000-0000-000000000000/resourceGroups/cli-test-stdssdk000001/providers/Microsoft.Compute/virtualMachines/vm-ultrassd?$expand=instanceView&api-version=2020-06-01
  response:
    body:
      string: "{\r\n  \"name\": \"vm-ultrassd\",\r\n  \"id\": \"/subscriptions/00000000-0000-0000-0000-000000000000/resourceGroups/cli-test-stdssdk000001/providers/Microsoft.Compute/virtualMachines/vm-ultrassd\"\
        ,\r\n  \"type\": \"Microsoft.Compute/virtualMachines\",\r\n  \"location\"\
        : \"eastus\",\r\n  \"tags\": {},\r\n  \"properties\": {\r\n    \"vmId\": \"\
        a86ff73e-a475-4b53-baff-8b34caf135b1\",\r\n    \"hardwareProfile\": {\r\n\
        \      \"vmSize\": \"Standard_D2s_v3\"\r\n    },\r\n    \"additionalCapabilities\"\
        : {\r\n      \"ultraSSDEnabled\": true\r\n    },\r\n    \"storageProfile\"\
        : {\r\n      \"imageReference\": {\r\n        \"publisher\": \"Debian\",\r\
        \n        \"offer\": \"debian-10\",\r\n        \"sku\": \"10\",\r\n      \
        \  \"version\": \"latest\",\r\n        \"exactVersion\": \"0.20200803.347\"\
        \r\n      },\r\n      \"osDisk\": {\r\n        \"osType\": \"Linux\",\r\n\
        \        \"name\": \"vm-ultrassd_OsDisk_1_35c753d1f47f42cfa208d026e367777a\"\
        ,\r\n        \"createOption\": \"FromImage\",\r\n        \"caching\": \"ReadWrite\"\
        ,\r\n        \"managedDisk\": {\r\n          \"storageAccountType\": \"Premium_LRS\"\
        ,\r\n          \"id\": \"/subscriptions/00000000-0000-0000-0000-000000000000/resourceGroups/CLI-TEST-STDSSDKL634HMFHES5SOWZB46LU2663XX34VQQVEAIIQ4T74SRCRZLEFSKL7AKXROC/providers/Microsoft.Compute/disks/vm-ultrassd_OsDisk_1_35c753d1f47f42cfa208d026e367777a\"\
        \r\n        },\r\n        \"diskSizeGB\": 30\r\n      },\r\n      \"dataDisks\"\
        : [\r\n        {\r\n          \"lun\": 0,\r\n          \"name\": \"vm-ultrassd_disk2_2fe32fd7155244e2af842591f5ecfa24\"\
        ,\r\n          \"createOption\": \"Empty\",\r\n          \"caching\": \"None\"\
        ,\r\n          \"managedDisk\": {\r\n            \"storageAccountType\": \"\
        UltraSSD_LRS\",\r\n            \"id\": \"/subscriptions/00000000-0000-0000-0000-000000000000/resourceGroups/CLI-TEST-STDSSDKL634HMFHES5SOWZB46LU2663XX34VQQVEAIIQ4T74SRCRZLEFSKL7AKXROC/providers/Microsoft.Compute/disks/vm-ultrassd_disk2_2fe32fd7155244e2af842591f5ecfa24\"\
        \r\n          },\r\n          \"diskSizeGB\": 4,\r\n          \"toBeDetached\"\
        : false\r\n        }\r\n      ]\r\n    },\r\n    \"osProfile\": {\r\n    \
        \  \"computerName\": \"vm-ultrassd\",\r\n      \"adminUsername\": \"admin123\"\
        ,\r\n      \"linuxConfiguration\": {\r\n        \"disablePasswordAuthentication\"\
        : false,\r\n        \"provisionVMAgent\": true,\r\n        \"patchSettings\"\
        : {\r\n          \"patchMode\": \"ImageDefault\"\r\n        }\r\n      },\r\
        \n      \"secrets\": [],\r\n      \"allowExtensionOperations\": true,\r\n\
        \      \"requireGuestProvisionSignal\": true\r\n    },\r\n    \"networkProfile\"\
        : {\"networkInterfaces\":[{\"id\":\"/subscriptions/00000000-0000-0000-0000-000000000000/resourceGroups/cli-test-stdssdk000001/providers/Microsoft.Network/networkInterfaces/vm-ultrassdVMNic\"\
        }]},\r\n    \"provisioningState\": \"Succeeded\",\r\n    \"instanceView\"\
        : {\r\n      \"computerName\": \"vm-ultrassd\",\r\n      \"osName\": \"debian\"\
        ,\r\n      \"osVersion\": \"10.5\",\r\n      \"vmAgent\": {\r\n        \"\
        vmAgentVersion\": \"2.2.45\",\r\n        \"statuses\": [\r\n          {\r\n\
        \            \"code\": \"ProvisioningState/succeeded\",\r\n            \"\
        level\": \"Info\",\r\n            \"displayStatus\": \"Ready\",\r\n      \
        \      \"message\": \"Guest Agent is running\",\r\n            \"time\": \"\
        2020-09-16T07:09:17+00:00\"\r\n          }\r\n        ],\r\n        \"extensionHandlers\"\
        : []\r\n      },\r\n      \"disks\": [\r\n        {\r\n          \"name\"\
        : \"vm-ultrassd_OsDisk_1_35c753d1f47f42cfa208d026e367777a\",\r\n         \
        \ \"statuses\": [\r\n            {\r\n              \"code\": \"ProvisioningState/succeeded\"\
        ,\r\n              \"level\": \"Info\",\r\n              \"displayStatus\"\
        : \"Provisioning succeeded\",\r\n              \"time\": \"2020-09-16T07:07:59.3308526+00:00\"\
        \r\n            }\r\n          ]\r\n        },\r\n        {\r\n          \"\
        name\": \"vm-ultrassd_disk2_2fe32fd7155244e2af842591f5ecfa24\",\r\n      \
        \    \"statuses\": [\r\n            {\r\n              \"code\": \"ProvisioningState/succeeded\"\
        ,\r\n              \"level\": \"Info\",\r\n              \"displayStatus\"\
        : \"Provisioning succeeded\",\r\n              \"time\": \"2020-09-16T07:07:59.3308526+00:00\"\
        \r\n            }\r\n          ]\r\n        }\r\n      ],\r\n      \"hyperVGeneration\"\
        : \"V1\",\r\n      \"statuses\": [\r\n        {\r\n          \"code\": \"\
        ProvisioningState/succeeded\",\r\n          \"level\": \"Info\",\r\n     \
        \     \"displayStatus\": \"Provisioning succeeded\",\r\n          \"time\"\
        : \"2020-09-16T07:08:47.0027716+00:00\"\r\n        },\r\n        {\r\n   \
        \       \"code\": \"PowerState/running\",\r\n          \"level\": \"Info\"\
        ,\r\n          \"displayStatus\": \"VM running\"\r\n        }\r\n      ]\r\
        \n    }\r\n  },\r\n  \"zones\": [\r\n    \"2\"\r\n  ]\r\n}"
    headers:
      cache-control:
      - no-cache
      content-length:
      - '4369'
      content-type:
      - application/json; charset=utf-8
      date:
      - Wed, 16 Sep 2020 07:09:18 GMT
      expires:
      - '-1'
      pragma:
      - no-cache
      server:
      - Microsoft-HTTPAPI/2.0
      - Microsoft-HTTPAPI/2.0
      strict-transport-security:
      - max-age=31536000; includeSubDomains
      transfer-encoding:
      - chunked
      vary:
      - Accept-Encoding
      x-content-type-options:
      - nosniff
      x-ms-ratelimit-remaining-resource:
      - Microsoft.Compute/LowCostGet3Min;3996,Microsoft.Compute/LowCostGet30Min;31996
    status:
      code: 200
      message: OK
- request:
    body: null
    headers:
      Accept:
      - application/json
      Accept-Encoding:
      - gzip, deflate
      CommandName:
      - vm create
      Connection:
      - keep-alive
      ParameterSetName:
      - -g -n --admin-username --size --admin-password --image --storage-sku --data-disk-sizes-gb
        --zone --location --nsg-rule
      User-Agent:
      - python/3.8.5 (Linux-5.4.0-1025-azure-x86_64-with-glibc2.2.5) msrest/0.6.18
        VSTS_0fb41ef4-5012-48a9-bf39-4ee3de03ee35_build_1655_0 msrest_azure/0.6.3
        azure-mgmt-network/11.0.0 Azure-SDK-For-Python AZURECLI/2.11.1
      accept-language:
      - en-US
    method: GET
    uri: https://management.azure.com/subscriptions/00000000-0000-0000-0000-000000000000/resourceGroups/cli-test-stdssdk000001/providers/Microsoft.Network/networkInterfaces/vm-ultrassdVMNic?api-version=2018-01-01
  response:
    body:
      string: "{\r\n  \"name\": \"vm-ultrassdVMNic\",\r\n  \"id\": \"/subscriptions/00000000-0000-0000-0000-000000000000/resourceGroups/cli-test-stdssdk000001/providers/Microsoft.Network/networkInterfaces/vm-ultrassdVMNic\"\
        ,\r\n  \"etag\": \"W/\\\"6f48d707-97a1-4385-b416-09be688bac58\\\"\",\r\n \
        \ \"location\": \"eastus\",\r\n  \"tags\": {},\r\n  \"properties\": {\r\n\
        \    \"provisioningState\": \"Succeeded\",\r\n    \"resourceGuid\": \"d152ae90-b224-4db2-a114-d376cbb0b9b3\"\
        ,\r\n    \"ipConfigurations\": [\r\n      {\r\n        \"name\": \"ipconfigvm-ultrassd\"\
        ,\r\n        \"id\": \"/subscriptions/00000000-0000-0000-0000-000000000000/resourceGroups/cli-test-stdssdk000001/providers/Microsoft.Network/networkInterfaces/vm-ultrassdVMNic/ipConfigurations/ipconfigvm-ultrassd\"\
        ,\r\n        \"etag\": \"W/\\\"6f48d707-97a1-4385-b416-09be688bac58\\\"\"\
        ,\r\n        \"type\": \"Microsoft.Network/networkInterfaces/ipConfigurations\"\
        ,\r\n        \"properties\": {\r\n          \"provisioningState\": \"Succeeded\"\
        ,\r\n          \"privateIPAddress\": \"10.0.0.4\",\r\n          \"privateIPAllocationMethod\"\
        : \"Dynamic\",\r\n          \"publicIPAddress\": {\r\n            \"id\":\
        \ \"/subscriptions/00000000-0000-0000-0000-000000000000/resourceGroups/cli-test-stdssdk000001/providers/Microsoft.Network/publicIPAddresses/vm-ultrassdPublicIP\"\
        \r\n          },\r\n          \"subnet\": {\r\n            \"id\": \"/subscriptions/00000000-0000-0000-0000-000000000000/resourceGroups/cli-test-stdssdk000001/providers/Microsoft.Network/virtualNetworks/vm-ultrassdVNET/subnets/vm-ultrassdSubnet\"\
        \r\n          },\r\n          \"primary\": true,\r\n          \"privateIPAddressVersion\"\
        : \"IPv4\"\r\n        }\r\n      }\r\n    ],\r\n    \"dnsSettings\": {\r\n\
        \      \"dnsServers\": [],\r\n      \"appliedDnsServers\": [],\r\n      \"\
        internalDomainNameSuffix\": \"3riel1cypezeji33jfczbcjmsb.bx.internal.cloudapp.net\"\
        \r\n    },\r\n    \"macAddress\": \"00-0D-3A-9D-83-59\",\r\n    \"enableAcceleratedNetworking\"\
        : false,\r\n    \"enableIPForwarding\": false,\r\n    \"networkSecurityGroup\"\
        : {\r\n      \"id\": \"/subscriptions/00000000-0000-0000-0000-000000000000/resourceGroups/cli-test-stdssdk000001/providers/Microsoft.Network/networkSecurityGroups/vm-ultrassdNSG\"\
        \r\n    },\r\n    \"primary\": true,\r\n    \"virtualMachine\": {\r\n    \
        \  \"id\": \"/subscriptions/00000000-0000-0000-0000-000000000000/resourceGroups/cli-test-stdssdk000001/providers/Microsoft.Compute/virtualMachines/vm-ultrassd\"\
        \r\n    }\r\n  },\r\n  \"type\": \"Microsoft.Network/networkInterfaces\"\r\
        \n}"
    headers:
      cache-control:
      - no-cache
      content-length:
      - '2648'
      content-type:
      - application/json; charset=utf-8
      date:
      - Wed, 16 Sep 2020 07:09:18 GMT
      etag:
      - W/"6f48d707-97a1-4385-b416-09be688bac58"
      expires:
      - '-1'
      pragma:
      - no-cache
      server:
      - Microsoft-HTTPAPI/2.0
      - Microsoft-HTTPAPI/2.0
      strict-transport-security:
      - max-age=31536000; includeSubDomains
      transfer-encoding:
      - chunked
      vary:
      - Accept-Encoding
      x-content-type-options:
      - nosniff
      x-ms-arm-service-request-id:
      - 9bbe9c53-dab2-4fa4-9ed1-68d0103622ab
    status:
      code: 200
      message: OK
- request:
    body: null
    headers:
      Accept:
      - application/json
      Accept-Encoding:
      - gzip, deflate
      CommandName:
      - vm create
      Connection:
      - keep-alive
      ParameterSetName:
      - -g -n --admin-username --size --admin-password --image --storage-sku --data-disk-sizes-gb
        --zone --location --nsg-rule
      User-Agent:
      - python/3.8.5 (Linux-5.4.0-1025-azure-x86_64-with-glibc2.2.5) msrest/0.6.18
        VSTS_0fb41ef4-5012-48a9-bf39-4ee3de03ee35_build_1655_0 msrest_azure/0.6.3
        azure-mgmt-network/11.0.0 Azure-SDK-For-Python AZURECLI/2.11.1
      accept-language:
      - en-US
    method: GET
    uri: https://management.azure.com/subscriptions/00000000-0000-0000-0000-000000000000/resourceGroups/cli-test-stdssdk000001/providers/Microsoft.Network/publicIPAddresses/vm-ultrassdPublicIP?api-version=2018-01-01
  response:
    body:
      string: "{\r\n  \"name\": \"vm-ultrassdPublicIP\",\r\n  \"id\": \"/subscriptions/00000000-0000-0000-0000-000000000000/resourceGroups/cli-test-stdssdk000001/providers/Microsoft.Network/publicIPAddresses/vm-ultrassdPublicIP\"\
        ,\r\n  \"etag\": \"W/\\\"02360e39-1322-405e-96da-61211542ff61\\\"\",\r\n \
        \ \"location\": \"eastus\",\r\n  \"tags\": {},\r\n  \"zones\": [\r\n    \"\
        2\"\r\n  ],\r\n  \"properties\": {\r\n    \"provisioningState\": \"Succeeded\"\
        ,\r\n    \"resourceGuid\": \"c331cb2f-c284-4cdb-a8f6-36ee9f858a0b\",\r\n \
        \   \"ipAddress\": \"20.51.219.66\",\r\n    \"publicIPAddressVersion\": \"\
        IPv4\",\r\n    \"publicIPAllocationMethod\": \"Static\",\r\n    \"idleTimeoutInMinutes\"\
        : 4,\r\n    \"ipTags\": [],\r\n    \"ipConfiguration\": {\r\n      \"id\"\
        : \"/subscriptions/00000000-0000-0000-0000-000000000000/resourceGroups/cli-test-stdssdk000001/providers/Microsoft.Network/networkInterfaces/vm-ultrassdVMNic/ipConfigurations/ipconfigvm-ultrassd\"\
        \r\n    }\r\n  },\r\n  \"type\": \"Microsoft.Network/publicIPAddresses\",\r\
        \n  \"sku\": {\r\n    \"name\": \"Standard\"\r\n  }\r\n}"
    headers:
      cache-control:
      - no-cache
      content-length:
      - '1059'
      content-type:
      - application/json; charset=utf-8
      date:
      - Wed, 16 Sep 2020 07:09:18 GMT
      etag:
      - W/"02360e39-1322-405e-96da-61211542ff61"
      expires:
      - '-1'
      pragma:
      - no-cache
      server:
      - Microsoft-HTTPAPI/2.0
      - Microsoft-HTTPAPI/2.0
      strict-transport-security:
      - max-age=31536000; includeSubDomains
      transfer-encoding:
      - chunked
      vary:
      - Accept-Encoding
      x-content-type-options:
      - nosniff
      x-ms-arm-service-request-id:
      - 90217f73-1b27-4c69-aaf8-b005065e28d5
    status:
      code: 200
      message: OK
- request:
    body: null
    headers:
      Accept:
      - application/json
      Accept-Encoding:
      - gzip, deflate
      CommandName:
      - vm disk attach
      Connection:
      - keep-alive
      ParameterSetName:
      - -g --vm-name --name --new --size-gb --sku
      User-Agent:
      - python/3.8.5 (Linux-5.4.0-1025-azure-x86_64-with-glibc2.2.5) msrest/0.6.18
        VSTS_0fb41ef4-5012-48a9-bf39-4ee3de03ee35_build_1655_0 msrest_azure/0.6.3
        azure-mgmt-compute/13.1.0 Azure-SDK-For-Python AZURECLI/2.11.1
      accept-language:
      - en-US
    method: GET
    uri: https://management.azure.com/subscriptions/00000000-0000-0000-0000-000000000000/resourceGroups/cli-test-stdssdk000001/providers/Microsoft.Compute/virtualMachines/vm-ultrassd?api-version=2020-06-01
  response:
    body:
      string: "{\r\n  \"name\": \"vm-ultrassd\",\r\n  \"id\": \"/subscriptions/00000000-0000-0000-0000-000000000000/resourceGroups/cli-test-stdssdk000001/providers/Microsoft.Compute/virtualMachines/vm-ultrassd\"\
        ,\r\n  \"type\": \"Microsoft.Compute/virtualMachines\",\r\n  \"location\"\
        : \"eastus\",\r\n  \"tags\": {},\r\n  \"properties\": {\r\n    \"vmId\": \"\
        a86ff73e-a475-4b53-baff-8b34caf135b1\",\r\n    \"hardwareProfile\": {\r\n\
        \      \"vmSize\": \"Standard_D2s_v3\"\r\n    },\r\n    \"additionalCapabilities\"\
        : {\r\n      \"ultraSSDEnabled\": true\r\n    },\r\n    \"storageProfile\"\
        : {\r\n      \"imageReference\": {\r\n        \"publisher\": \"Debian\",\r\
        \n        \"offer\": \"debian-10\",\r\n        \"sku\": \"10\",\r\n      \
        \  \"version\": \"latest\",\r\n        \"exactVersion\": \"0.20200803.347\"\
        \r\n      },\r\n      \"osDisk\": {\r\n        \"osType\": \"Linux\",\r\n\
        \        \"name\": \"vm-ultrassd_OsDisk_1_35c753d1f47f42cfa208d026e367777a\"\
        ,\r\n        \"createOption\": \"FromImage\",\r\n        \"caching\": \"ReadWrite\"\
        ,\r\n        \"managedDisk\": {\r\n          \"storageAccountType\": \"Premium_LRS\"\
        ,\r\n          \"id\": \"/subscriptions/00000000-0000-0000-0000-000000000000/resourceGroups/CLI-TEST-STDSSDKL634HMFHES5SOWZB46LU2663XX34VQQVEAIIQ4T74SRCRZLEFSKL7AKXROC/providers/Microsoft.Compute/disks/vm-ultrassd_OsDisk_1_35c753d1f47f42cfa208d026e367777a\"\
        \r\n        },\r\n        \"diskSizeGB\": 30\r\n      },\r\n      \"dataDisks\"\
        : [\r\n        {\r\n          \"lun\": 0,\r\n          \"name\": \"vm-ultrassd_disk2_2fe32fd7155244e2af842591f5ecfa24\"\
        ,\r\n          \"createOption\": \"Empty\",\r\n          \"caching\": \"None\"\
        ,\r\n          \"managedDisk\": {\r\n            \"storageAccountType\": \"\
        UltraSSD_LRS\",\r\n            \"id\": \"/subscriptions/00000000-0000-0000-0000-000000000000/resourceGroups/CLI-TEST-STDSSDKL634HMFHES5SOWZB46LU2663XX34VQQVEAIIQ4T74SRCRZLEFSKL7AKXROC/providers/Microsoft.Compute/disks/vm-ultrassd_disk2_2fe32fd7155244e2af842591f5ecfa24\"\
        \r\n          },\r\n          \"diskSizeGB\": 4,\r\n          \"toBeDetached\"\
        : false\r\n        }\r\n      ]\r\n    },\r\n    \"osProfile\": {\r\n    \
        \  \"computerName\": \"vm-ultrassd\",\r\n      \"adminUsername\": \"admin123\"\
        ,\r\n      \"linuxConfiguration\": {\r\n        \"disablePasswordAuthentication\"\
        : false,\r\n        \"provisionVMAgent\": true,\r\n        \"patchSettings\"\
        : {\r\n          \"patchMode\": \"ImageDefault\"\r\n        }\r\n      },\r\
        \n      \"secrets\": [],\r\n      \"allowExtensionOperations\": true,\r\n\
        \      \"requireGuestProvisionSignal\": true\r\n    },\r\n    \"networkProfile\"\
        : {\"networkInterfaces\":[{\"id\":\"/subscriptions/00000000-0000-0000-0000-000000000000/resourceGroups/cli-test-stdssdk000001/providers/Microsoft.Network/networkInterfaces/vm-ultrassdVMNic\"\
        }]},\r\n    \"provisioningState\": \"Succeeded\"\r\n  },\r\n  \"zones\": [\r\
        \n    \"2\"\r\n  ]\r\n}"
    headers:
      cache-control:
      - no-cache
      content-length:
      - '2695'
      content-type:
      - application/json; charset=utf-8
      date:
      - Wed, 16 Sep 2020 07:09:18 GMT
      expires:
      - '-1'
      pragma:
      - no-cache
      server:
      - Microsoft-HTTPAPI/2.0
      - Microsoft-HTTPAPI/2.0
      strict-transport-security:
      - max-age=31536000; includeSubDomains
      transfer-encoding:
      - chunked
      vary:
      - Accept-Encoding
      x-content-type-options:
      - nosniff
      x-ms-ratelimit-remaining-resource:
      - Microsoft.Compute/LowCostGet3Min;3995,Microsoft.Compute/LowCostGet30Min;31995
    status:
      code: 200
      message: OK
- request:
    body: '{"location": "eastus", "tags": {}, "properties": {"hardwareProfile": {"vmSize":
      "Standard_D2s_v3"}, "storageProfile": {"imageReference": {"publisher": "Debian",
      "offer": "debian-10", "sku": "10", "version": "latest"}, "osDisk": {"osType":
      "Linux", "name": "vm-ultrassd_OsDisk_1_35c753d1f47f42cfa208d026e367777a", "caching":
      "ReadWrite", "createOption": "FromImage", "diskSizeGB": 30, "managedDisk": {"id":
      "/subscriptions/00000000-0000-0000-0000-000000000000/resourceGroups/CLI-TEST-STDSSDKL634HMFHES5SOWZB46LU2663XX34VQQVEAIIQ4T74SRCRZLEFSKL7AKXROC/providers/Microsoft.Compute/disks/vm-ultrassd_OsDisk_1_35c753d1f47f42cfa208d026e367777a",
      "storageAccountType": "Premium_LRS"}}, "dataDisks": [{"lun": 0, "name": "vm-ultrassd_disk2_2fe32fd7155244e2af842591f5ecfa24",
      "caching": "None", "createOption": "Empty", "diskSizeGB": 4, "managedDisk":
      {"id": "/subscriptions/00000000-0000-0000-0000-000000000000/resourceGroups/CLI-TEST-STDSSDKL634HMFHES5SOWZB46LU2663XX34VQQVEAIIQ4T74SRCRZLEFSKL7AKXROC/providers/Microsoft.Compute/disks/vm-ultrassd_disk2_2fe32fd7155244e2af842591f5ecfa24",
      "storageAccountType": "UltraSSD_LRS"}, "toBeDetached": false}, {"lun": 1, "name":
      "d3", "createOption": "Empty", "diskSizeGB": 5, "managedDisk": {"storageAccountType":
      "UltraSSD_LRS"}}]}, "additionalCapabilities": {"ultraSSDEnabled": true}, "osProfile":
      {"computerName": "vm-ultrassd", "adminUsername": "admin123", "linuxConfiguration":
      {"disablePasswordAuthentication": false, "provisionVMAgent": true}, "secrets":
      [], "allowExtensionOperations": true, "requireGuestProvisionSignal": true},
      "networkProfile": {"networkInterfaces": [{"id": "/subscriptions/00000000-0000-0000-0000-000000000000/resourceGroups/cli-test-stdssdk000001/providers/Microsoft.Network/networkInterfaces/vm-ultrassdVMNic"}]}},
      "zones": ["2"]}'
    headers:
      Accept:
      - application/json
      Accept-Encoding:
      - gzip, deflate
      CommandName:
      - vm disk attach
      Connection:
      - keep-alive
      Content-Length:
      - '1848'
      Content-Type:
      - application/json; charset=utf-8
      ParameterSetName:
      - -g --vm-name --name --new --size-gb --sku
      User-Agent:
      - python/3.8.5 (Linux-5.4.0-1025-azure-x86_64-with-glibc2.2.5) msrest/0.6.18
        VSTS_0fb41ef4-5012-48a9-bf39-4ee3de03ee35_build_1655_0 msrest_azure/0.6.3
        azure-mgmt-compute/13.1.0 Azure-SDK-For-Python AZURECLI/2.11.1
      accept-language:
      - en-US
    method: PUT
    uri: https://management.azure.com/subscriptions/00000000-0000-0000-0000-000000000000/resourceGroups/cli-test-stdssdk000001/providers/Microsoft.Compute/virtualMachines/vm-ultrassd?api-version=2020-06-01
  response:
    body:
      string: "{\r\n  \"name\": \"vm-ultrassd\",\r\n  \"id\": \"/subscriptions/00000000-0000-0000-0000-000000000000/resourceGroups/cli-test-stdssdk000001/providers/Microsoft.Compute/virtualMachines/vm-ultrassd\"\
        ,\r\n  \"type\": \"Microsoft.Compute/virtualMachines\",\r\n  \"location\"\
        : \"eastus\",\r\n  \"tags\": {},\r\n  \"properties\": {\r\n    \"vmId\": \"\
        a86ff73e-a475-4b53-baff-8b34caf135b1\",\r\n    \"hardwareProfile\": {\r\n\
        \      \"vmSize\": \"Standard_D2s_v3\"\r\n    },\r\n    \"additionalCapabilities\"\
        : {\r\n      \"ultraSSDEnabled\": true\r\n    },\r\n    \"storageProfile\"\
        : {\r\n      \"imageReference\": {\r\n        \"publisher\": \"Debian\",\r\
        \n        \"offer\": \"debian-10\",\r\n        \"sku\": \"10\",\r\n      \
        \  \"version\": \"latest\",\r\n        \"exactVersion\": \"0.20200803.347\"\
        \r\n      },\r\n      \"osDisk\": {\r\n        \"osType\": \"Linux\",\r\n\
        \        \"name\": \"vm-ultrassd_OsDisk_1_35c753d1f47f42cfa208d026e367777a\"\
        ,\r\n        \"createOption\": \"FromImage\",\r\n        \"caching\": \"ReadWrite\"\
        ,\r\n        \"managedDisk\": {\r\n          \"storageAccountType\": \"Premium_LRS\"\
        ,\r\n          \"id\": \"/subscriptions/00000000-0000-0000-0000-000000000000/resourceGroups/CLI-TEST-STDSSDKL634HMFHES5SOWZB46LU2663XX34VQQVEAIIQ4T74SRCRZLEFSKL7AKXROC/providers/Microsoft.Compute/disks/vm-ultrassd_OsDisk_1_35c753d1f47f42cfa208d026e367777a\"\
        \r\n        },\r\n        \"diskSizeGB\": 30\r\n      },\r\n      \"dataDisks\"\
        : [\r\n        {\r\n          \"lun\": 0,\r\n          \"name\": \"vm-ultrassd_disk2_2fe32fd7155244e2af842591f5ecfa24\"\
        ,\r\n          \"createOption\": \"Empty\",\r\n          \"caching\": \"None\"\
        ,\r\n          \"managedDisk\": {\r\n            \"storageAccountType\": \"\
        UltraSSD_LRS\",\r\n            \"id\": \"/subscriptions/00000000-0000-0000-0000-000000000000/resourceGroups/CLI-TEST-STDSSDKL634HMFHES5SOWZB46LU2663XX34VQQVEAIIQ4T74SRCRZLEFSKL7AKXROC/providers/Microsoft.Compute/disks/vm-ultrassd_disk2_2fe32fd7155244e2af842591f5ecfa24\"\
        \r\n          },\r\n          \"diskSizeGB\": 4,\r\n          \"toBeDetached\"\
        : false\r\n        },\r\n        {\r\n          \"lun\": 1,\r\n          \"\
        name\": \"d3\",\r\n          \"createOption\": \"Empty\",\r\n          \"\
        caching\": \"None\",\r\n          \"managedDisk\": {\r\n            \"storageAccountType\"\
        : \"UltraSSD_LRS\"\r\n          },\r\n          \"diskSizeGB\": 5,\r\n   \
        \       \"toBeDetached\": false\r\n        }\r\n      ]\r\n    },\r\n    \"\
        osProfile\": {\r\n      \"computerName\": \"vm-ultrassd\",\r\n      \"adminUsername\"\
        : \"admin123\",\r\n      \"linuxConfiguration\": {\r\n        \"disablePasswordAuthentication\"\
        : false,\r\n        \"provisionVMAgent\": true,\r\n        \"patchSettings\"\
        : {\r\n          \"patchMode\": \"ImageDefault\"\r\n        }\r\n      },\r\
        \n      \"secrets\": [],\r\n      \"allowExtensionOperations\": true,\r\n\
        \      \"requireGuestProvisionSignal\": true\r\n    },\r\n    \"networkProfile\"\
        : {\"networkInterfaces\":[{\"id\":\"/subscriptions/00000000-0000-0000-0000-000000000000/resourceGroups/cli-test-stdssdk000001/providers/Microsoft.Network/networkInterfaces/vm-ultrassdVMNic\"\
        }]},\r\n    \"provisioningState\": \"Updating\"\r\n  },\r\n  \"zones\": [\r\
        \n    \"2\"\r\n  ]\r\n}"
    headers:
      azure-asyncnotification:
      - Enabled
      azure-asyncoperation:
      - https://management.azure.com/subscriptions/00000000-0000-0000-0000-000000000000/providers/Microsoft.Compute/locations/eastus/operations/c494ea89-c211-4db8-b9d9-c44eb498f8f0?api-version=2020-06-01
      cache-control:
      - no-cache
      content-length:
      - '2982'
      content-type:
      - application/json; charset=utf-8
      date:
      - Wed, 16 Sep 2020 07:09:19 GMT
      expires:
      - '-1'
      pragma:
      - no-cache
      server:
      - Microsoft-HTTPAPI/2.0
      - Microsoft-HTTPAPI/2.0
      strict-transport-security:
      - max-age=31536000; includeSubDomains
      transfer-encoding:
      - chunked
      vary:
      - Accept-Encoding
      x-content-type-options:
      - nosniff
      x-ms-ratelimit-remaining-resource:
      - Microsoft.Compute/PutVM3Min;741,Microsoft.Compute/PutVM30Min;3717
      x-ms-ratelimit-remaining-subscription-writes:
      - '1198'
    status:
      code: 200
      message: OK
- request:
    body: null
    headers:
      Accept:
      - application/json
      Accept-Encoding:
      - gzip, deflate
      CommandName:
      - vm disk attach
      Connection:
      - keep-alive
      ParameterSetName:
      - -g --vm-name --name --new --size-gb --sku
      User-Agent:
      - python/3.8.5 (Linux-5.4.0-1025-azure-x86_64-with-glibc2.2.5) msrest/0.6.18
        VSTS_0fb41ef4-5012-48a9-bf39-4ee3de03ee35_build_1655_0 msrest_azure/0.6.3
        azure-mgmt-compute/13.1.0 Azure-SDK-For-Python AZURECLI/2.11.1
    method: GET
    uri: https://management.azure.com/subscriptions/00000000-0000-0000-0000-000000000000/providers/Microsoft.Compute/locations/eastus/operations/c494ea89-c211-4db8-b9d9-c44eb498f8f0?api-version=2020-06-01
  response:
    body:
      string: "{\r\n  \"startTime\": \"2020-09-16T07:09:19.6591602+00:00\",\r\n  \"\
        endTime\": \"2020-09-16T07:09:25.3622759+00:00\",\r\n  \"status\": \"Succeeded\"\
        ,\r\n  \"name\": \"c494ea89-c211-4db8-b9d9-c44eb498f8f0\"\r\n}"
    headers:
      cache-control:
      - no-cache
      content-length:
      - '184'
      content-type:
      - application/json; charset=utf-8
      date:
      - Wed, 16 Sep 2020 07:09:49 GMT
      expires:
      - '-1'
      pragma:
      - no-cache
      server:
      - Microsoft-HTTPAPI/2.0
      - Microsoft-HTTPAPI/2.0
      strict-transport-security:
      - max-age=31536000; includeSubDomains
      transfer-encoding:
      - chunked
      vary:
      - Accept-Encoding
      x-content-type-options:
      - nosniff
      x-ms-ratelimit-remaining-resource:
      - Microsoft.Compute/GetOperation3Min;14996,Microsoft.Compute/GetOperation30Min;29996
    status:
      code: 200
      message: OK
- request:
    body: null
    headers:
      Accept:
      - application/json
      Accept-Encoding:
      - gzip, deflate
      CommandName:
      - vm disk attach
      Connection:
      - keep-alive
      ParameterSetName:
      - -g --vm-name --name --new --size-gb --sku
      User-Agent:
      - python/3.8.5 (Linux-5.4.0-1025-azure-x86_64-with-glibc2.2.5) msrest/0.6.18
        VSTS_0fb41ef4-5012-48a9-bf39-4ee3de03ee35_build_1655_0 msrest_azure/0.6.3
        azure-mgmt-compute/13.1.0 Azure-SDK-For-Python AZURECLI/2.11.1
    method: GET
    uri: https://management.azure.com/subscriptions/00000000-0000-0000-0000-000000000000/resourceGroups/cli-test-stdssdk000001/providers/Microsoft.Compute/virtualMachines/vm-ultrassd?api-version=2020-06-01
  response:
    body:
      string: "{\r\n  \"name\": \"vm-ultrassd\",\r\n  \"id\": \"/subscriptions/00000000-0000-0000-0000-000000000000/resourceGroups/cli-test-stdssdk000001/providers/Microsoft.Compute/virtualMachines/vm-ultrassd\"\
        ,\r\n  \"type\": \"Microsoft.Compute/virtualMachines\",\r\n  \"location\"\
        : \"eastus\",\r\n  \"tags\": {},\r\n  \"properties\": {\r\n    \"vmId\": \"\
        a86ff73e-a475-4b53-baff-8b34caf135b1\",\r\n    \"hardwareProfile\": {\r\n\
        \      \"vmSize\": \"Standard_D2s_v3\"\r\n    },\r\n    \"additionalCapabilities\"\
        : {\r\n      \"ultraSSDEnabled\": true\r\n    },\r\n    \"storageProfile\"\
        : {\r\n      \"imageReference\": {\r\n        \"publisher\": \"Debian\",\r\
        \n        \"offer\": \"debian-10\",\r\n        \"sku\": \"10\",\r\n      \
        \  \"version\": \"latest\",\r\n        \"exactVersion\": \"0.20200803.347\"\
        \r\n      },\r\n      \"osDisk\": {\r\n        \"osType\": \"Linux\",\r\n\
        \        \"name\": \"vm-ultrassd_OsDisk_1_35c753d1f47f42cfa208d026e367777a\"\
        ,\r\n        \"createOption\": \"FromImage\",\r\n        \"caching\": \"ReadWrite\"\
        ,\r\n        \"managedDisk\": {\r\n          \"storageAccountType\": \"Premium_LRS\"\
        ,\r\n          \"id\": \"/subscriptions/00000000-0000-0000-0000-000000000000/resourceGroups/CLI-TEST-STDSSDKL634HMFHES5SOWZB46LU2663XX34VQQVEAIIQ4T74SRCRZLEFSKL7AKXROC/providers/Microsoft.Compute/disks/vm-ultrassd_OsDisk_1_35c753d1f47f42cfa208d026e367777a\"\
        \r\n        },\r\n        \"diskSizeGB\": 30\r\n      },\r\n      \"dataDisks\"\
        : [\r\n        {\r\n          \"lun\": 0,\r\n          \"name\": \"vm-ultrassd_disk2_2fe32fd7155244e2af842591f5ecfa24\"\
        ,\r\n          \"createOption\": \"Empty\",\r\n          \"caching\": \"None\"\
        ,\r\n          \"managedDisk\": {\r\n            \"storageAccountType\": \"\
        UltraSSD_LRS\",\r\n            \"id\": \"/subscriptions/00000000-0000-0000-0000-000000000000/resourceGroups/CLI-TEST-STDSSDKL634HMFHES5SOWZB46LU2663XX34VQQVEAIIQ4T74SRCRZLEFSKL7AKXROC/providers/Microsoft.Compute/disks/vm-ultrassd_disk2_2fe32fd7155244e2af842591f5ecfa24\"\
        \r\n          },\r\n          \"diskSizeGB\": 4,\r\n          \"toBeDetached\"\
        : false\r\n        },\r\n        {\r\n          \"lun\": 1,\r\n          \"\
        name\": \"d3\",\r\n          \"createOption\": \"Empty\",\r\n          \"\
        caching\": \"None\",\r\n          \"managedDisk\": {\r\n            \"storageAccountType\"\
        : \"UltraSSD_LRS\",\r\n            \"id\": \"/subscriptions/00000000-0000-0000-0000-000000000000/resourceGroups/CLI-TEST-STDSSDKL634HMFHES5SOWZB46LU2663XX34VQQVEAIIQ4T74SRCRZLEFSKL7AKXROC/providers/Microsoft.Compute/disks/d3\"\
        \r\n          },\r\n          \"diskSizeGB\": 5,\r\n          \"toBeDetached\"\
        : false\r\n        }\r\n      ]\r\n    },\r\n    \"osProfile\": {\r\n    \
        \  \"computerName\": \"vm-ultrassd\",\r\n      \"adminUsername\": \"admin123\"\
        ,\r\n      \"linuxConfiguration\": {\r\n        \"disablePasswordAuthentication\"\
        : false,\r\n        \"provisionVMAgent\": true,\r\n        \"patchSettings\"\
        : {\r\n          \"patchMode\": \"ImageDefault\"\r\n        }\r\n      },\r\
        \n      \"secrets\": [],\r\n      \"allowExtensionOperations\": true,\r\n\
        \      \"requireGuestProvisionSignal\": true\r\n    },\r\n    \"networkProfile\"\
        : {\"networkInterfaces\":[{\"id\":\"/subscriptions/00000000-0000-0000-0000-000000000000/resourceGroups/cli-test-stdssdk000001/providers/Microsoft.Network/networkInterfaces/vm-ultrassdVMNic\"\
        }]},\r\n    \"provisioningState\": \"Succeeded\"\r\n  },\r\n  \"zones\": [\r\
        \n    \"2\"\r\n  ]\r\n}"
    headers:
      cache-control:
      - no-cache
      content-length:
      - '3185'
      content-type:
      - application/json; charset=utf-8
      date:
      - Wed, 16 Sep 2020 07:09:49 GMT
      expires:
      - '-1'
      pragma:
      - no-cache
      server:
      - Microsoft-HTTPAPI/2.0
      - Microsoft-HTTPAPI/2.0
      strict-transport-security:
      - max-age=31536000; includeSubDomains
      transfer-encoding:
      - chunked
      vary:
      - Accept-Encoding
      x-content-type-options:
      - nosniff
      x-ms-ratelimit-remaining-resource:
      - Microsoft.Compute/LowCostGet3Min;3992,Microsoft.Compute/LowCostGet30Min;31992
    status:
      code: 200
      message: OK
- request:
    body: null
    headers:
      Accept:
      - application/json
      Accept-Encoding:
      - gzip, deflate
      CommandName:
      - vm disk attach
      Connection:
      - keep-alive
      ParameterSetName:
      - -g --vm-name --name
      User-Agent:
      - python/3.8.5 (Linux-5.4.0-1025-azure-x86_64-with-glibc2.2.5) msrest/0.6.18
        VSTS_0fb41ef4-5012-48a9-bf39-4ee3de03ee35_build_1655_0 msrest_azure/0.6.3
        azure-mgmt-compute/13.1.0 Azure-SDK-For-Python AZURECLI/2.11.1
      accept-language:
      - en-US
    method: GET
    uri: https://management.azure.com/subscriptions/00000000-0000-0000-0000-000000000000/resourceGroups/cli-test-stdssdk000001/providers/Microsoft.Compute/virtualMachines/vm-ultrassd?api-version=2020-06-01
  response:
    body:
      string: "{\r\n  \"name\": \"vm-ultrassd\",\r\n  \"id\": \"/subscriptions/00000000-0000-0000-0000-000000000000/resourceGroups/cli-test-stdssdk000001/providers/Microsoft.Compute/virtualMachines/vm-ultrassd\"\
        ,\r\n  \"type\": \"Microsoft.Compute/virtualMachines\",\r\n  \"location\"\
        : \"eastus\",\r\n  \"tags\": {},\r\n  \"properties\": {\r\n    \"vmId\": \"\
        a86ff73e-a475-4b53-baff-8b34caf135b1\",\r\n    \"hardwareProfile\": {\r\n\
        \      \"vmSize\": \"Standard_D2s_v3\"\r\n    },\r\n    \"additionalCapabilities\"\
        : {\r\n      \"ultraSSDEnabled\": true\r\n    },\r\n    \"storageProfile\"\
        : {\r\n      \"imageReference\": {\r\n        \"publisher\": \"Debian\",\r\
        \n        \"offer\": \"debian-10\",\r\n        \"sku\": \"10\",\r\n      \
        \  \"version\": \"latest\",\r\n        \"exactVersion\": \"0.20200803.347\"\
        \r\n      },\r\n      \"osDisk\": {\r\n        \"osType\": \"Linux\",\r\n\
        \        \"name\": \"vm-ultrassd_OsDisk_1_35c753d1f47f42cfa208d026e367777a\"\
        ,\r\n        \"createOption\": \"FromImage\",\r\n        \"caching\": \"ReadWrite\"\
        ,\r\n        \"managedDisk\": {\r\n          \"storageAccountType\": \"Premium_LRS\"\
        ,\r\n          \"id\": \"/subscriptions/00000000-0000-0000-0000-000000000000/resourceGroups/CLI-TEST-STDSSDKL634HMFHES5SOWZB46LU2663XX34VQQVEAIIQ4T74SRCRZLEFSKL7AKXROC/providers/Microsoft.Compute/disks/vm-ultrassd_OsDisk_1_35c753d1f47f42cfa208d026e367777a\"\
        \r\n        },\r\n        \"diskSizeGB\": 30\r\n      },\r\n      \"dataDisks\"\
        : [\r\n        {\r\n          \"lun\": 0,\r\n          \"name\": \"vm-ultrassd_disk2_2fe32fd7155244e2af842591f5ecfa24\"\
        ,\r\n          \"createOption\": \"Empty\",\r\n          \"caching\": \"None\"\
        ,\r\n          \"managedDisk\": {\r\n            \"storageAccountType\": \"\
        UltraSSD_LRS\",\r\n            \"id\": \"/subscriptions/00000000-0000-0000-0000-000000000000/resourceGroups/CLI-TEST-STDSSDKL634HMFHES5SOWZB46LU2663XX34VQQVEAIIQ4T74SRCRZLEFSKL7AKXROC/providers/Microsoft.Compute/disks/vm-ultrassd_disk2_2fe32fd7155244e2af842591f5ecfa24\"\
        \r\n          },\r\n          \"diskSizeGB\": 4,\r\n          \"toBeDetached\"\
        : false\r\n        },\r\n        {\r\n          \"lun\": 1,\r\n          \"\
        name\": \"d3\",\r\n          \"createOption\": \"Empty\",\r\n          \"\
        caching\": \"None\",\r\n          \"managedDisk\": {\r\n            \"storageAccountType\"\
        : \"UltraSSD_LRS\",\r\n            \"id\": \"/subscriptions/00000000-0000-0000-0000-000000000000/resourceGroups/CLI-TEST-STDSSDKL634HMFHES5SOWZB46LU2663XX34VQQVEAIIQ4T74SRCRZLEFSKL7AKXROC/providers/Microsoft.Compute/disks/d3\"\
        \r\n          },\r\n          \"diskSizeGB\": 5,\r\n          \"toBeDetached\"\
        : false\r\n        }\r\n      ]\r\n    },\r\n    \"osProfile\": {\r\n    \
        \  \"computerName\": \"vm-ultrassd\",\r\n      \"adminUsername\": \"admin123\"\
        ,\r\n      \"linuxConfiguration\": {\r\n        \"disablePasswordAuthentication\"\
        : false,\r\n        \"provisionVMAgent\": true,\r\n        \"patchSettings\"\
        : {\r\n          \"patchMode\": \"ImageDefault\"\r\n        }\r\n      },\r\
        \n      \"secrets\": [],\r\n      \"allowExtensionOperations\": true,\r\n\
        \      \"requireGuestProvisionSignal\": true\r\n    },\r\n    \"networkProfile\"\
        : {\"networkInterfaces\":[{\"id\":\"/subscriptions/00000000-0000-0000-0000-000000000000/resourceGroups/cli-test-stdssdk000001/providers/Microsoft.Network/networkInterfaces/vm-ultrassdVMNic\"\
        }]},\r\n    \"provisioningState\": \"Succeeded\"\r\n  },\r\n  \"zones\": [\r\
        \n    \"2\"\r\n  ]\r\n}"
    headers:
      cache-control:
      - no-cache
      content-length:
      - '3185'
      content-type:
      - application/json; charset=utf-8
      date:
      - Wed, 16 Sep 2020 07:09:51 GMT
      expires:
      - '-1'
      pragma:
      - no-cache
      server:
      - Microsoft-HTTPAPI/2.0
      - Microsoft-HTTPAPI/2.0
      strict-transport-security:
      - max-age=31536000; includeSubDomains
      transfer-encoding:
      - chunked
      vary:
      - Accept-Encoding
      x-content-type-options:
      - nosniff
      x-ms-ratelimit-remaining-resource:
      - Microsoft.Compute/LowCostGet3Min;3991,Microsoft.Compute/LowCostGet30Min;31991
    status:
      code: 200
      message: OK
- request:
    body: '{"location": "eastus", "tags": {}, "properties": {"hardwareProfile": {"vmSize":
      "Standard_D2s_v3"}, "storageProfile": {"imageReference": {"publisher": "Debian",
      "offer": "debian-10", "sku": "10", "version": "latest"}, "osDisk": {"osType":
      "Linux", "name": "vm-ultrassd_OsDisk_1_35c753d1f47f42cfa208d026e367777a", "caching":
      "ReadWrite", "createOption": "FromImage", "diskSizeGB": 30, "managedDisk": {"id":
      "/subscriptions/00000000-0000-0000-0000-000000000000/resourceGroups/CLI-TEST-STDSSDKL634HMFHES5SOWZB46LU2663XX34VQQVEAIIQ4T74SRCRZLEFSKL7AKXROC/providers/Microsoft.Compute/disks/vm-ultrassd_OsDisk_1_35c753d1f47f42cfa208d026e367777a",
      "storageAccountType": "Premium_LRS"}}, "dataDisks": [{"lun": 0, "name": "vm-ultrassd_disk2_2fe32fd7155244e2af842591f5ecfa24",
      "caching": "None", "createOption": "Empty", "diskSizeGB": 4, "managedDisk":
      {"id": "/subscriptions/00000000-0000-0000-0000-000000000000/resourceGroups/CLI-TEST-STDSSDKL634HMFHES5SOWZB46LU2663XX34VQQVEAIIQ4T74SRCRZLEFSKL7AKXROC/providers/Microsoft.Compute/disks/vm-ultrassd_disk2_2fe32fd7155244e2af842591f5ecfa24",
      "storageAccountType": "UltraSSD_LRS"}, "toBeDetached": false}, {"lun": 1, "name":
      "d3", "caching": "None", "createOption": "Empty", "diskSizeGB": 5, "managedDisk":
      {"id": "/subscriptions/00000000-0000-0000-0000-000000000000/resourceGroups/CLI-TEST-STDSSDKL634HMFHES5SOWZB46LU2663XX34VQQVEAIIQ4T74SRCRZLEFSKL7AKXROC/providers/Microsoft.Compute/disks/d3",
      "storageAccountType": "UltraSSD_LRS"}, "toBeDetached": false}, {"lun": 2, "createOption":
      "Attach", "managedDisk": {"id": "/subscriptions/00000000-0000-0000-0000-000000000000/resourceGroups/cli-test-stdssdk000001/providers/Microsoft.Compute/disks/d1"}}]},
      "additionalCapabilities": {"ultraSSDEnabled": true}, "osProfile": {"computerName":
      "vm-ultrassd", "adminUsername": "admin123", "linuxConfiguration": {"disablePasswordAuthentication":
      false, "provisionVMAgent": true}, "secrets": [], "allowExtensionOperations":
      true, "requireGuestProvisionSignal": true}, "networkProfile": {"networkInterfaces":
      [{"id": "/subscriptions/00000000-0000-0000-0000-000000000000/resourceGroups/cli-test-stdssdk000001/providers/Microsoft.Network/networkInterfaces/vm-ultrassdVMNic"}]}},
      "zones": ["2"]}'
    headers:
      Accept:
      - application/json
      Accept-Encoding:
      - gzip, deflate
      CommandName:
      - vm disk attach
      Connection:
      - keep-alive
      Content-Length:
      - '2323'
      Content-Type:
      - application/json; charset=utf-8
      ParameterSetName:
      - -g --vm-name --name
      User-Agent:
      - python/3.8.5 (Linux-5.4.0-1025-azure-x86_64-with-glibc2.2.5) msrest/0.6.18
        VSTS_0fb41ef4-5012-48a9-bf39-4ee3de03ee35_build_1655_0 msrest_azure/0.6.3
        azure-mgmt-compute/13.1.0 Azure-SDK-For-Python AZURECLI/2.11.1
      accept-language:
      - en-US
    method: PUT
    uri: https://management.azure.com/subscriptions/00000000-0000-0000-0000-000000000000/resourceGroups/cli-test-stdssdk000001/providers/Microsoft.Compute/virtualMachines/vm-ultrassd?api-version=2020-06-01
  response:
    body:
      string: "{\r\n  \"name\": \"vm-ultrassd\",\r\n  \"id\": \"/subscriptions/00000000-0000-0000-0000-000000000000/resourceGroups/cli-test-stdssdk000001/providers/Microsoft.Compute/virtualMachines/vm-ultrassd\"\
        ,\r\n  \"type\": \"Microsoft.Compute/virtualMachines\",\r\n  \"location\"\
        : \"eastus\",\r\n  \"tags\": {},\r\n  \"properties\": {\r\n    \"vmId\": \"\
        a86ff73e-a475-4b53-baff-8b34caf135b1\",\r\n    \"hardwareProfile\": {\r\n\
        \      \"vmSize\": \"Standard_D2s_v3\"\r\n    },\r\n    \"additionalCapabilities\"\
        : {\r\n      \"ultraSSDEnabled\": true\r\n    },\r\n    \"storageProfile\"\
        : {\r\n      \"imageReference\": {\r\n        \"publisher\": \"Debian\",\r\
        \n        \"offer\": \"debian-10\",\r\n        \"sku\": \"10\",\r\n      \
        \  \"version\": \"latest\",\r\n        \"exactVersion\": \"0.20200803.347\"\
        \r\n      },\r\n      \"osDisk\": {\r\n        \"osType\": \"Linux\",\r\n\
        \        \"name\": \"vm-ultrassd_OsDisk_1_35c753d1f47f42cfa208d026e367777a\"\
        ,\r\n        \"createOption\": \"FromImage\",\r\n        \"caching\": \"ReadWrite\"\
        ,\r\n        \"managedDisk\": {\r\n          \"storageAccountType\": \"Premium_LRS\"\
        ,\r\n          \"id\": \"/subscriptions/00000000-0000-0000-0000-000000000000/resourceGroups/CLI-TEST-STDSSDKL634HMFHES5SOWZB46LU2663XX34VQQVEAIIQ4T74SRCRZLEFSKL7AKXROC/providers/Microsoft.Compute/disks/vm-ultrassd_OsDisk_1_35c753d1f47f42cfa208d026e367777a\"\
        \r\n        },\r\n        \"diskSizeGB\": 30\r\n      },\r\n      \"dataDisks\"\
        : [\r\n        {\r\n          \"lun\": 0,\r\n          \"name\": \"vm-ultrassd_disk2_2fe32fd7155244e2af842591f5ecfa24\"\
        ,\r\n          \"createOption\": \"Empty\",\r\n          \"caching\": \"None\"\
        ,\r\n          \"managedDisk\": {\r\n            \"storageAccountType\": \"\
        UltraSSD_LRS\",\r\n            \"id\": \"/subscriptions/00000000-0000-0000-0000-000000000000/resourceGroups/CLI-TEST-STDSSDKL634HMFHES5SOWZB46LU2663XX34VQQVEAIIQ4T74SRCRZLEFSKL7AKXROC/providers/Microsoft.Compute/disks/vm-ultrassd_disk2_2fe32fd7155244e2af842591f5ecfa24\"\
        \r\n          },\r\n          \"diskSizeGB\": 4,\r\n          \"toBeDetached\"\
        : false\r\n        },\r\n        {\r\n          \"lun\": 1,\r\n          \"\
        name\": \"d3\",\r\n          \"createOption\": \"Empty\",\r\n          \"\
        caching\": \"None\",\r\n          \"managedDisk\": {\r\n            \"storageAccountType\"\
        : \"UltraSSD_LRS\",\r\n            \"id\": \"/subscriptions/00000000-0000-0000-0000-000000000000/resourceGroups/CLI-TEST-STDSSDKL634HMFHES5SOWZB46LU2663XX34VQQVEAIIQ4T74SRCRZLEFSKL7AKXROC/providers/Microsoft.Compute/disks/d3\"\
        \r\n          },\r\n          \"diskSizeGB\": 5,\r\n          \"toBeDetached\"\
        : false\r\n        },\r\n        {\r\n          \"lun\": 2,\r\n          \"\
        name\": \"d1\",\r\n          \"createOption\": \"Attach\",\r\n          \"\
        caching\": \"None\",\r\n          \"managedDisk\": {\r\n            \"storageAccountType\"\
        : \"UltraSSD_LRS\",\r\n            \"id\": \"/subscriptions/00000000-0000-0000-0000-000000000000/resourceGroups/cli-test-stdssdk000001/providers/Microsoft.Compute/disks/d1\"\
        \r\n          },\r\n          \"diskSizeGB\": 4,\r\n          \"toBeDetached\"\
        : false\r\n        }\r\n      ]\r\n    },\r\n    \"osProfile\": {\r\n    \
        \  \"computerName\": \"vm-ultrassd\",\r\n      \"adminUsername\": \"admin123\"\
        ,\r\n      \"linuxConfiguration\": {\r\n        \"disablePasswordAuthentication\"\
        : false,\r\n        \"provisionVMAgent\": true,\r\n        \"patchSettings\"\
        : {\r\n          \"patchMode\": \"ImageDefault\"\r\n        }\r\n      },\r\
        \n      \"secrets\": [],\r\n      \"allowExtensionOperations\": true,\r\n\
        \      \"requireGuestProvisionSignal\": true\r\n    },\r\n    \"networkProfile\"\
        : {\"networkInterfaces\":[{\"id\":\"/subscriptions/00000000-0000-0000-0000-000000000000/resourceGroups/cli-test-stdssdk000001/providers/Microsoft.Network/networkInterfaces/vm-ultrassdVMNic\"\
        }]},\r\n    \"provisioningState\": \"Updating\"\r\n  },\r\n  \"zones\": [\r\
        \n    \"2\"\r\n  ]\r\n}"
    headers:
      azure-asyncnotification:
      - Enabled
      azure-asyncoperation:
      - https://management.azure.com/subscriptions/00000000-0000-0000-0000-000000000000/providers/Microsoft.Compute/locations/eastus/operations/71d26903-0c3c-4413-bec2-f806d8442958?api-version=2020-06-01
      cache-control:
      - no-cache
      content-length:
      - '3675'
      content-type:
      - application/json; charset=utf-8
      date:
      - Wed, 16 Sep 2020 07:09:51 GMT
      expires:
      - '-1'
      pragma:
      - no-cache
      server:
      - Microsoft-HTTPAPI/2.0
      - Microsoft-HTTPAPI/2.0
      strict-transport-security:
      - max-age=31536000; includeSubDomains
      transfer-encoding:
      - chunked
      vary:
      - Accept-Encoding
      x-content-type-options:
      - nosniff
      x-ms-ratelimit-remaining-resource:
      - Microsoft.Compute/PutVM3Min;740,Microsoft.Compute/PutVM30Min;3716
      x-ms-ratelimit-remaining-subscription-writes:
      - '1197'
    status:
      code: 200
      message: OK
- request:
    body: null
    headers:
      Accept:
      - application/json
      Accept-Encoding:
      - gzip, deflate
      CommandName:
      - vm disk attach
      Connection:
      - keep-alive
      ParameterSetName:
      - -g --vm-name --name
      User-Agent:
      - python/3.8.5 (Linux-5.4.0-1025-azure-x86_64-with-glibc2.2.5) msrest/0.6.18
        VSTS_0fb41ef4-5012-48a9-bf39-4ee3de03ee35_build_1655_0 msrest_azure/0.6.3
        azure-mgmt-compute/13.1.0 Azure-SDK-For-Python AZURECLI/2.11.1
    method: GET
    uri: https://management.azure.com/subscriptions/00000000-0000-0000-0000-000000000000/providers/Microsoft.Compute/locations/eastus/operations/71d26903-0c3c-4413-bec2-f806d8442958?api-version=2020-06-01
  response:
    body:
      string: "{\r\n  \"startTime\": \"2020-09-16T07:09:51.768528+00:00\",\r\n  \"\
        endTime\": \"2020-09-16T07:09:56.706053+00:00\",\r\n  \"status\": \"Succeeded\"\
        ,\r\n  \"name\": \"71d26903-0c3c-4413-bec2-f806d8442958\"\r\n}"
    headers:
      cache-control:
      - no-cache
      content-length:
      - '182'
      content-type:
      - application/json; charset=utf-8
      date:
      - Wed, 16 Sep 2020 07:10:21 GMT
      expires:
      - '-1'
      pragma:
      - no-cache
      server:
      - Microsoft-HTTPAPI/2.0
      - Microsoft-HTTPAPI/2.0
      strict-transport-security:
      - max-age=31536000; includeSubDomains
      transfer-encoding:
      - chunked
      vary:
      - Accept-Encoding
      x-content-type-options:
      - nosniff
      x-ms-ratelimit-remaining-resource:
      - Microsoft.Compute/GetOperation3Min;14994,Microsoft.Compute/GetOperation30Min;29994
    status:
      code: 200
      message: OK
- request:
    body: null
    headers:
      Accept:
      - application/json
      Accept-Encoding:
      - gzip, deflate
      CommandName:
      - vm disk attach
      Connection:
      - keep-alive
      ParameterSetName:
      - -g --vm-name --name
      User-Agent:
      - python/3.8.5 (Linux-5.4.0-1025-azure-x86_64-with-glibc2.2.5) msrest/0.6.18
        VSTS_0fb41ef4-5012-48a9-bf39-4ee3de03ee35_build_1655_0 msrest_azure/0.6.3
        azure-mgmt-compute/13.1.0 Azure-SDK-For-Python AZURECLI/2.11.1
    method: GET
    uri: https://management.azure.com/subscriptions/00000000-0000-0000-0000-000000000000/resourceGroups/cli-test-stdssdk000001/providers/Microsoft.Compute/virtualMachines/vm-ultrassd?api-version=2020-06-01
  response:
    body:
      string: "{\r\n  \"name\": \"vm-ultrassd\",\r\n  \"id\": \"/subscriptions/00000000-0000-0000-0000-000000000000/resourceGroups/cli-test-stdssdk000001/providers/Microsoft.Compute/virtualMachines/vm-ultrassd\"\
        ,\r\n  \"type\": \"Microsoft.Compute/virtualMachines\",\r\n  \"location\"\
        : \"eastus\",\r\n  \"tags\": {},\r\n  \"properties\": {\r\n    \"vmId\": \"\
        a86ff73e-a475-4b53-baff-8b34caf135b1\",\r\n    \"hardwareProfile\": {\r\n\
        \      \"vmSize\": \"Standard_D2s_v3\"\r\n    },\r\n    \"additionalCapabilities\"\
        : {\r\n      \"ultraSSDEnabled\": true\r\n    },\r\n    \"storageProfile\"\
        : {\r\n      \"imageReference\": {\r\n        \"publisher\": \"Debian\",\r\
        \n        \"offer\": \"debian-10\",\r\n        \"sku\": \"10\",\r\n      \
        \  \"version\": \"latest\",\r\n        \"exactVersion\": \"0.20200803.347\"\
        \r\n      },\r\n      \"osDisk\": {\r\n        \"osType\": \"Linux\",\r\n\
        \        \"name\": \"vm-ultrassd_OsDisk_1_35c753d1f47f42cfa208d026e367777a\"\
        ,\r\n        \"createOption\": \"FromImage\",\r\n        \"caching\": \"ReadWrite\"\
        ,\r\n        \"managedDisk\": {\r\n          \"storageAccountType\": \"Premium_LRS\"\
        ,\r\n          \"id\": \"/subscriptions/00000000-0000-0000-0000-000000000000/resourceGroups/CLI-TEST-STDSSDKL634HMFHES5SOWZB46LU2663XX34VQQVEAIIQ4T74SRCRZLEFSKL7AKXROC/providers/Microsoft.Compute/disks/vm-ultrassd_OsDisk_1_35c753d1f47f42cfa208d026e367777a\"\
        \r\n        },\r\n        \"diskSizeGB\": 30\r\n      },\r\n      \"dataDisks\"\
        : [\r\n        {\r\n          \"lun\": 0,\r\n          \"name\": \"vm-ultrassd_disk2_2fe32fd7155244e2af842591f5ecfa24\"\
        ,\r\n          \"createOption\": \"Empty\",\r\n          \"caching\": \"None\"\
        ,\r\n          \"managedDisk\": {\r\n            \"storageAccountType\": \"\
        UltraSSD_LRS\",\r\n            \"id\": \"/subscriptions/00000000-0000-0000-0000-000000000000/resourceGroups/CLI-TEST-STDSSDKL634HMFHES5SOWZB46LU2663XX34VQQVEAIIQ4T74SRCRZLEFSKL7AKXROC/providers/Microsoft.Compute/disks/vm-ultrassd_disk2_2fe32fd7155244e2af842591f5ecfa24\"\
        \r\n          },\r\n          \"diskSizeGB\": 4,\r\n          \"toBeDetached\"\
        : false\r\n        },\r\n        {\r\n          \"lun\": 1,\r\n          \"\
        name\": \"d3\",\r\n          \"createOption\": \"Empty\",\r\n          \"\
        caching\": \"None\",\r\n          \"managedDisk\": {\r\n            \"storageAccountType\"\
        : \"UltraSSD_LRS\",\r\n            \"id\": \"/subscriptions/00000000-0000-0000-0000-000000000000/resourceGroups/CLI-TEST-STDSSDKL634HMFHES5SOWZB46LU2663XX34VQQVEAIIQ4T74SRCRZLEFSKL7AKXROC/providers/Microsoft.Compute/disks/d3\"\
        \r\n          },\r\n          \"diskSizeGB\": 5,\r\n          \"toBeDetached\"\
        : false\r\n        },\r\n        {\r\n          \"lun\": 2,\r\n          \"\
        name\": \"d1\",\r\n          \"createOption\": \"Attach\",\r\n          \"\
        caching\": \"None\",\r\n          \"managedDisk\": {\r\n            \"storageAccountType\"\
        : \"UltraSSD_LRS\",\r\n            \"id\": \"/subscriptions/00000000-0000-0000-0000-000000000000/resourceGroups/cli-test-stdssdk000001/providers/Microsoft.Compute/disks/d1\"\
        \r\n          },\r\n          \"diskSizeGB\": 4,\r\n          \"toBeDetached\"\
        : false\r\n        }\r\n      ]\r\n    },\r\n    \"osProfile\": {\r\n    \
        \  \"computerName\": \"vm-ultrassd\",\r\n      \"adminUsername\": \"admin123\"\
        ,\r\n      \"linuxConfiguration\": {\r\n        \"disablePasswordAuthentication\"\
        : false,\r\n        \"provisionVMAgent\": true,\r\n        \"patchSettings\"\
        : {\r\n          \"patchMode\": \"ImageDefault\"\r\n        }\r\n      },\r\
        \n      \"secrets\": [],\r\n      \"allowExtensionOperations\": true,\r\n\
        \      \"requireGuestProvisionSignal\": true\r\n    },\r\n    \"networkProfile\"\
        : {\"networkInterfaces\":[{\"id\":\"/subscriptions/00000000-0000-0000-0000-000000000000/resourceGroups/cli-test-stdssdk000001/providers/Microsoft.Network/networkInterfaces/vm-ultrassdVMNic\"\
        }]},\r\n    \"provisioningState\": \"Succeeded\"\r\n  },\r\n  \"zones\": [\r\
        \n    \"2\"\r\n  ]\r\n}"
    headers:
      cache-control:
      - no-cache
      content-length:
      - '3676'
      content-type:
      - application/json; charset=utf-8
      date:
      - Wed, 16 Sep 2020 07:10:21 GMT
      expires:
      - '-1'
      pragma:
      - no-cache
      server:
      - Microsoft-HTTPAPI/2.0
      - Microsoft-HTTPAPI/2.0
      strict-transport-security:
      - max-age=31536000; includeSubDomains
      transfer-encoding:
      - chunked
      vary:
      - Accept-Encoding
      x-content-type-options:
      - nosniff
      x-ms-ratelimit-remaining-resource:
      - Microsoft.Compute/LowCostGet3Min;3988,Microsoft.Compute/LowCostGet30Min;31988
    status:
      code: 200
      message: OK
- request:
    body: null
    headers:
      Accept:
      - application/json
      Accept-Encoding:
      - gzip, deflate
      CommandName:
      - vm show
      Connection:
      - keep-alive
      ParameterSetName:
      - -g -n
      User-Agent:
      - python/3.8.5 (Linux-5.4.0-1025-azure-x86_64-with-glibc2.2.5) msrest/0.6.18
        VSTS_0fb41ef4-5012-48a9-bf39-4ee3de03ee35_build_1655_0 msrest_azure/0.6.3
        azure-mgmt-compute/13.1.0 Azure-SDK-For-Python AZURECLI/2.11.1
      accept-language:
      - en-US
    method: GET
    uri: https://management.azure.com/subscriptions/00000000-0000-0000-0000-000000000000/resourceGroups/cli-test-stdssdk000001/providers/Microsoft.Compute/virtualMachines/vm-ultrassd?api-version=2020-06-01
  response:
    body:
      string: "{\r\n  \"name\": \"vm-ultrassd\",\r\n  \"id\": \"/subscriptions/00000000-0000-0000-0000-000000000000/resourceGroups/cli-test-stdssdk000001/providers/Microsoft.Compute/virtualMachines/vm-ultrassd\"\
        ,\r\n  \"type\": \"Microsoft.Compute/virtualMachines\",\r\n  \"location\"\
        : \"eastus\",\r\n  \"tags\": {},\r\n  \"properties\": {\r\n    \"vmId\": \"\
        a86ff73e-a475-4b53-baff-8b34caf135b1\",\r\n    \"hardwareProfile\": {\r\n\
        \      \"vmSize\": \"Standard_D2s_v3\"\r\n    },\r\n    \"additionalCapabilities\"\
        : {\r\n      \"ultraSSDEnabled\": true\r\n    },\r\n    \"storageProfile\"\
        : {\r\n      \"imageReference\": {\r\n        \"publisher\": \"Debian\",\r\
        \n        \"offer\": \"debian-10\",\r\n        \"sku\": \"10\",\r\n      \
        \  \"version\": \"latest\",\r\n        \"exactVersion\": \"0.20200803.347\"\
        \r\n      },\r\n      \"osDisk\": {\r\n        \"osType\": \"Linux\",\r\n\
        \        \"name\": \"vm-ultrassd_OsDisk_1_35c753d1f47f42cfa208d026e367777a\"\
        ,\r\n        \"createOption\": \"FromImage\",\r\n        \"caching\": \"ReadWrite\"\
        ,\r\n        \"managedDisk\": {\r\n          \"storageAccountType\": \"Premium_LRS\"\
        ,\r\n          \"id\": \"/subscriptions/00000000-0000-0000-0000-000000000000/resourceGroups/CLI-TEST-STDSSDKL634HMFHES5SOWZB46LU2663XX34VQQVEAIIQ4T74SRCRZLEFSKL7AKXROC/providers/Microsoft.Compute/disks/vm-ultrassd_OsDisk_1_35c753d1f47f42cfa208d026e367777a\"\
        \r\n        },\r\n        \"diskSizeGB\": 30\r\n      },\r\n      \"dataDisks\"\
        : [\r\n        {\r\n          \"lun\": 0,\r\n          \"name\": \"vm-ultrassd_disk2_2fe32fd7155244e2af842591f5ecfa24\"\
        ,\r\n          \"createOption\": \"Empty\",\r\n          \"caching\": \"None\"\
        ,\r\n          \"managedDisk\": {\r\n            \"storageAccountType\": \"\
        UltraSSD_LRS\",\r\n            \"id\": \"/subscriptions/00000000-0000-0000-0000-000000000000/resourceGroups/CLI-TEST-STDSSDKL634HMFHES5SOWZB46LU2663XX34VQQVEAIIQ4T74SRCRZLEFSKL7AKXROC/providers/Microsoft.Compute/disks/vm-ultrassd_disk2_2fe32fd7155244e2af842591f5ecfa24\"\
        \r\n          },\r\n          \"diskSizeGB\": 4,\r\n          \"toBeDetached\"\
        : false\r\n        },\r\n        {\r\n          \"lun\": 1,\r\n          \"\
        name\": \"d3\",\r\n          \"createOption\": \"Empty\",\r\n          \"\
        caching\": \"None\",\r\n          \"managedDisk\": {\r\n            \"storageAccountType\"\
        : \"UltraSSD_LRS\",\r\n            \"id\": \"/subscriptions/00000000-0000-0000-0000-000000000000/resourceGroups/CLI-TEST-STDSSDKL634HMFHES5SOWZB46LU2663XX34VQQVEAIIQ4T74SRCRZLEFSKL7AKXROC/providers/Microsoft.Compute/disks/d3\"\
        \r\n          },\r\n          \"diskSizeGB\": 5,\r\n          \"toBeDetached\"\
        : false\r\n        },\r\n        {\r\n          \"lun\": 2,\r\n          \"\
        name\": \"d1\",\r\n          \"createOption\": \"Attach\",\r\n          \"\
        caching\": \"None\",\r\n          \"managedDisk\": {\r\n            \"storageAccountType\"\
        : \"UltraSSD_LRS\",\r\n            \"id\": \"/subscriptions/00000000-0000-0000-0000-000000000000/resourceGroups/cli-test-stdssdk000001/providers/Microsoft.Compute/disks/d1\"\
        \r\n          },\r\n          \"diskSizeGB\": 4,\r\n          \"toBeDetached\"\
        : false\r\n        }\r\n      ]\r\n    },\r\n    \"osProfile\": {\r\n    \
        \  \"computerName\": \"vm-ultrassd\",\r\n      \"adminUsername\": \"admin123\"\
        ,\r\n      \"linuxConfiguration\": {\r\n        \"disablePasswordAuthentication\"\
        : false,\r\n        \"provisionVMAgent\": true,\r\n        \"patchSettings\"\
        : {\r\n          \"patchMode\": \"ImageDefault\"\r\n        }\r\n      },\r\
        \n      \"secrets\": [],\r\n      \"allowExtensionOperations\": true,\r\n\
        \      \"requireGuestProvisionSignal\": true\r\n    },\r\n    \"networkProfile\"\
        : {\"networkInterfaces\":[{\"id\":\"/subscriptions/00000000-0000-0000-0000-000000000000/resourceGroups/cli-test-stdssdk000001/providers/Microsoft.Network/networkInterfaces/vm-ultrassdVMNic\"\
        }]},\r\n    \"provisioningState\": \"Succeeded\"\r\n  },\r\n  \"zones\": [\r\
        \n    \"2\"\r\n  ]\r\n}"
    headers:
      cache-control:
      - no-cache
      content-length:
      - '3676'
      content-type:
      - application/json; charset=utf-8
      date:
      - Wed, 16 Sep 2020 07:10:23 GMT
      expires:
      - '-1'
      pragma:
      - no-cache
      server:
      - Microsoft-HTTPAPI/2.0
      - Microsoft-HTTPAPI/2.0
      strict-transport-security:
      - max-age=31536000; includeSubDomains
      transfer-encoding:
      - chunked
      vary:
      - Accept-Encoding
      x-content-type-options:
      - nosniff
      x-ms-ratelimit-remaining-resource:
      - Microsoft.Compute/LowCostGet3Min;3987,Microsoft.Compute/LowCostGet30Min;31987
    status:
      code: 200
      message: OK
- request:
    body: null
    headers:
      Accept:
      - '*/*'
      Accept-Encoding:
      - gzip, deflate
      Connection:
      - keep-alive
      User-Agent:
      - python-requests/2.22.0
    method: GET
    uri: https://raw.githubusercontent.com/Azure/azure-rest-api-specs/master/arm-compute/quickstart-templates/aliases.json
  response:
    body:
      string: "{\n  \"$schema\": \"http://schema.management.azure.com/schemas/2015-01-01/deploymentTemplate.json\"\
        ,\n  \"contentVersion\": \"1.0.0.0\",\n  \"parameters\": {},\n  \"variables\"\
        : {},\n  \"resources\": [],\n  \"outputs\": {\n    \"aliases\": {\n      \"\
        type\": \"object\",\n      \"value\": {\n        \"Linux\": {\n          \"\
        CentOS\": {\n            \"publisher\": \"OpenLogic\",\n            \"offer\"\
        : \"CentOS\",\n            \"sku\": \"7.5\",\n            \"version\": \"\
        latest\"\n          },\n          \"CoreOS\": {\n            \"publisher\"\
        : \"CoreOS\",\n            \"offer\": \"CoreOS\",\n            \"sku\": \"\
        Stable\",\n            \"version\": \"latest\"\n          },\n          \"\
        Debian\": {\n            \"publisher\": \"Debian\",\n            \"offer\"\
        : \"debian-10\",\n            \"sku\": \"10\",\n            \"version\": \"\
        latest\"\n          },\n          \"openSUSE-Leap\": {\n            \"publisher\"\
        : \"SUSE\",\n            \"offer\": \"openSUSE-Leap\",\n            \"sku\"\
        : \"42.3\",\n            \"version\": \"latest\"\n          },\n         \
        \ \"RHEL\": {\n            \"publisher\": \"RedHat\",\n            \"offer\"\
        : \"RHEL\",\n            \"sku\": \"7-LVM\",\n            \"version\": \"\
        latest\"\n          },\n          \"SLES\": {\n            \"publisher\":\
        \ \"SUSE\",\n            \"offer\": \"SLES\",\n            \"sku\": \"15\"\
        ,\n            \"version\": \"latest\"\n          },\n          \"UbuntuLTS\"\
        : {\n            \"publisher\": \"Canonical\",\n            \"offer\": \"\
        UbuntuServer\",\n            \"sku\": \"18.04-LTS\",\n            \"version\"\
        : \"latest\"\n          }\n        },\n        \"Windows\": {\n          \"\
        Win2019Datacenter\": {\n            \"publisher\": \"MicrosoftWindowsServer\"\
        ,\n            \"offer\": \"WindowsServer\",\n            \"sku\": \"2019-Datacenter\"\
        ,\n            \"version\": \"latest\"\n          },\n          \"Win2016Datacenter\"\
        : {\n            \"publisher\": \"MicrosoftWindowsServer\",\n            \"\
        offer\": \"WindowsServer\",\n            \"sku\": \"2016-Datacenter\",\n \
        \           \"version\": \"latest\"\n          },\n          \"Win2012R2Datacenter\"\
        : {\n            \"publisher\": \"MicrosoftWindowsServer\",\n            \"\
        offer\": \"WindowsServer\",\n            \"sku\": \"2012-R2-Datacenter\",\n\
        \            \"version\": \"latest\"\n          },\n          \"Win2012Datacenter\"\
        : {\n            \"publisher\": \"MicrosoftWindowsServer\",\n            \"\
        offer\": \"WindowsServer\",\n            \"sku\": \"2012-Datacenter\",\n \
        \           \"version\": \"latest\"\n          },\n          \"Win2008R2SP1\"\
        : {\n            \"publisher\": \"MicrosoftWindowsServer\",\n            \"\
        offer\": \"WindowsServer\",\n            \"sku\": \"2008-R2-SP1\",\n     \
        \       \"version\": \"latest\"\n          }\n        }\n      }\n    }\n\
        \  }\n}\n"
    headers:
      accept-ranges:
      - bytes
      access-control-allow-origin:
      - '*'
      cache-control:
      - max-age=300
      connection:
      - keep-alive
      content-length:
      - '2501'
      content-security-policy:
      - default-src 'none'; style-src 'unsafe-inline'; sandbox
      content-type:
      - text/plain; charset=utf-8
      date:
      - Wed, 16 Sep 2020 07:10:23 GMT
      etag:
      - W/"540044b4084c3c314537f1baa1770f248628b2bc9ba0328f1004c33862e049da"
      expires:
      - Wed, 16 Sep 2020 07:15:23 GMT
      source-age:
      - '226'
      strict-transport-security:
      - max-age=31536000
      vary:
      - Authorization,Accept-Encoding
      via:
      - 1.1 varnish (Varnish/6.0)
      - 1.1 varnish
      x-cache:
      - HIT, HIT
      x-cache-hits:
      - 1, 1
      x-content-type-options:
      - nosniff
      x-fastly-request-id:
      - cb09e8cffbdc4c681d93f384554b8ba3217ef207
      x-frame-options:
      - deny
      x-github-request-id:
      - 9CE0:5201:247D5E:29F2C0:5F61919F
      x-served-by:
      - cache-mdw17338-MDW
      x-timer:
      - S1600240224.547718,VS0,VE20
      x-xss-protection:
      - 1; mode=block
    status:
      code: 200
      message: OK
- request:
    body: null
    headers:
      Accept:
      - application/json
      Accept-Encoding:
      - gzip, deflate
      CommandName:
      - vm create
      Connection:
      - keep-alive
      ParameterSetName:
      - -g -n --admin-username --admin-password --image --size --ultra-ssd-enabled
        --zone --location --nsg-rule
      User-Agent:
      - python/3.8.5 (Linux-5.4.0-1025-azure-x86_64-with-glibc2.2.5) msrest/0.6.18
        VSTS_0fb41ef4-5012-48a9-bf39-4ee3de03ee35_build_1655_0 msrest_azure/0.6.3
        azure-mgmt-network/11.0.0 Azure-SDK-For-Python AZURECLI/2.11.1
      accept-language:
      - en-US
    method: GET
    uri: https://management.azure.com/subscriptions/00000000-0000-0000-0000-000000000000/resourceGroups/cli-test-stdssdk000001/providers/Microsoft.Network/virtualNetworks?api-version=2018-01-01
  response:
    body:
      string: "{\r\n  \"value\": [\r\n    {\r\n      \"name\": \"vm-ultrassdVNET\"\
        ,\r\n      \"id\": \"/subscriptions/00000000-0000-0000-0000-000000000000/resourceGroups/cli-test-stdssdk000001/providers/Microsoft.Network/virtualNetworks/vm-ultrassdVNET\"\
        ,\r\n      \"etag\": \"W/\\\"2e7184f6-2089-4219-a5cd-e714ff41fbb2\\\"\",\r\
        \n      \"type\": \"Microsoft.Network/virtualNetworks\",\r\n      \"location\"\
        : \"eastus\",\r\n      \"tags\": {},\r\n      \"properties\": {\r\n      \
        \  \"provisioningState\": \"Succeeded\",\r\n        \"resourceGuid\": \"ec4550ec-7958-4432-a3bd-494590892c91\"\
        ,\r\n        \"addressSpace\": {\r\n          \"addressPrefixes\": [\r\n \
        \           \"10.0.0.0/16\"\r\n          ]\r\n        },\r\n        \"subnets\"\
        : [\r\n          {\r\n            \"name\": \"vm-ultrassdSubnet\",\r\n   \
        \         \"id\": \"/subscriptions/00000000-0000-0000-0000-000000000000/resourceGroups/cli-test-stdssdk000001/providers/Microsoft.Network/virtualNetworks/vm-ultrassdVNET/subnets/vm-ultrassdSubnet\"\
        ,\r\n            \"etag\": \"W/\\\"2e7184f6-2089-4219-a5cd-e714ff41fbb2\\\"\
        \",\r\n            \"properties\": {\r\n              \"provisioningState\"\
        : \"Succeeded\",\r\n              \"addressPrefix\": \"10.0.0.0/24\",\r\n\
        \              \"ipConfigurations\": [\r\n                {\r\n          \
        \        \"id\": \"/subscriptions/00000000-0000-0000-0000-000000000000/resourceGroups/cli-test-stdssdk000001/providers/Microsoft.Network/networkInterfaces/vm-ultrassdVMNic/ipConfigurations/ipconfigvm-ultrassd\"\
        \r\n                }\r\n              ]\r\n            },\r\n           \
        \ \"type\": \"Microsoft.Network/virtualNetworks/subnets\"\r\n          }\r\
        \n        ],\r\n        \"virtualNetworkPeerings\": [],\r\n        \"enableDdosProtection\"\
        : false,\r\n        \"enableVmProtection\": false\r\n      }\r\n    }\r\n\
        \  ]\r\n}"
    headers:
      cache-control:
      - no-cache
      content-length:
      - '1806'
      content-type:
      - application/json; charset=utf-8
      date:
      - Wed, 16 Sep 2020 07:10:23 GMT
      expires:
      - '-1'
      pragma:
      - no-cache
      server:
      - Microsoft-HTTPAPI/2.0
      - Microsoft-HTTPAPI/2.0
      strict-transport-security:
      - max-age=31536000; includeSubDomains
      transfer-encoding:
      - chunked
      vary:
      - Accept-Encoding
      x-content-type-options:
      - nosniff
      x-ms-arm-service-request-id:
      - f3c120ac-cf50-489d-9868-1490da533af4
    status:
      code: 200
      message: OK
- request:
    body: '{"properties": {"template": {"$schema": "https://schema.management.azure.com/schemas/2015-01-01/deploymentTemplate.json#",
      "contentVersion": "1.0.0.0", "parameters": {"adminPassword": {"type": "securestring",
      "metadata": {"description": "Secure adminPassword"}}}, "variables": {}, "resources":
      [{"type": "Microsoft.Network/networkSecurityGroups", "name": "vm-ultrassd2NSG",
      "apiVersion": "2015-06-15", "location": "eastus", "tags": {}, "dependsOn": []},
      {"apiVersion": "2018-01-01", "type": "Microsoft.Network/publicIPAddresses",
      "name": "vm-ultrassd2PublicIP", "location": "eastus", "tags": {}, "dependsOn":
      [], "properties": {"publicIPAllocationMethod": "Static"}, "zones": ["2"], "sku":
      {"name": "Standard"}}, {"apiVersion": "2015-06-15", "type": "Microsoft.Network/networkInterfaces",
      "name": "vm-ultrassd2VMNic", "location": "eastus", "tags": {}, "dependsOn":
      ["Microsoft.Network/networkSecurityGroups/vm-ultrassd2NSG", "Microsoft.Network/publicIpAddresses/vm-ultrassd2PublicIP"],
      "properties": {"ipConfigurations": [{"name": "ipconfigvm-ultrassd2", "properties":
      {"privateIPAllocationMethod": "Dynamic", "subnet": {"id": "/subscriptions/00000000-0000-0000-0000-000000000000/resourceGroups/cli-test-stdssdk000001/providers/Microsoft.Network/virtualNetworks/vm-ultrassdVNET/subnets/vm-ultrassdSubnet"},
      "publicIPAddress": {"id": "/subscriptions/00000000-0000-0000-0000-000000000000/resourceGroups/cli-test-stdssdk000001/providers/Microsoft.Network/publicIPAddresses/vm-ultrassd2PublicIP"}}}],
      "networkSecurityGroup": {"id": "/subscriptions/00000000-0000-0000-0000-000000000000/resourceGroups/cli-test-stdssdk000001/providers/Microsoft.Network/networkSecurityGroups/vm-ultrassd2NSG"}}},
      {"apiVersion": "2020-06-01", "type": "Microsoft.Compute/virtualMachines", "name":
      "vm-ultrassd2", "location": "eastus", "tags": {}, "dependsOn": ["Microsoft.Network/networkInterfaces/vm-ultrassd2VMNic"],
      "properties": {"hardwareProfile": {"vmSize": "Standard_D2s_v3"}, "networkProfile":
      {"networkInterfaces": [{"id": "/subscriptions/00000000-0000-0000-0000-000000000000/resourceGroups/cli-test-stdssdk000001/providers/Microsoft.Network/networkInterfaces/vm-ultrassd2VMNic"}]},
      "storageProfile": {"osDisk": {"createOption": "fromImage", "name": null, "caching":
      "ReadWrite", "managedDisk": {"storageAccountType": null}}, "imageReference":
      {"publisher": "Debian", "offer": "debian-10", "sku": "10", "version": "latest"}},
      "osProfile": {"computerName": "vm-ultrassd2", "adminUsername": "admin123", "adminPassword":
      "[parameters(''adminPassword'')]"}, "additionalCapabilities": {"ultraSSDEnabled":
      true}}, "zones": ["2"]}], "outputs": {}}, "parameters": {"adminPassword": {"value":
      "testPassword0"}}, "mode": "Incremental"}}'
    headers:
      Accept:
      - application/json
      Accept-Encoding:
      - gzip, deflate
      CommandName:
      - vm create
      Connection:
      - keep-alive
      Content-Length:
      - '2920'
      Content-Type:
      - application/json; charset=utf-8
      ParameterSetName:
      - -g -n --admin-username --admin-password --image --size --ultra-ssd-enabled
        --zone --location --nsg-rule
      User-Agent:
      - python/3.8.5 (Linux-5.4.0-1025-azure-x86_64-with-glibc2.2.5) msrest/0.6.18
        VSTS_0fb41ef4-5012-48a9-bf39-4ee3de03ee35_build_1655_0 msrest_azure/0.6.3
        azure-mgmt-resource/10.2.0 Azure-SDK-For-Python AZURECLI/2.11.1
      accept-language:
      - en-US
    method: PUT
    uri: https://management.azure.com/subscriptions/00000000-0000-0000-0000-000000000000/resourcegroups/cli-test-stdssdk000001/providers/Microsoft.Resources/deployments/mock-deployment?api-version=2020-06-01
  response:
    body:
      string: '{"id":"/subscriptions/00000000-0000-0000-0000-000000000000/resourceGroups/cli-test-stdssdk000001/providers/Microsoft.Resources/deployments/vm_deploy_MJr21wFUi18qIg4eFwjdXEIg8MBnsI8C","name":"vm_deploy_MJr21wFUi18qIg4eFwjdXEIg8MBnsI8C","type":"Microsoft.Resources/deployments","properties":{"templateHash":"3557110205145605947","parameters":{"adminPassword":{"type":"SecureString"}},"mode":"Incremental","provisioningState":"Accepted","timestamp":"2020-09-16T07:10:25.0504579Z","duration":"PT1.0417683S","correlationId":"f6a74c1d-3552-4064-a7f4-474f66c5b70d","providers":[{"namespace":"Microsoft.Network","resourceTypes":[{"resourceType":"networkSecurityGroups","locations":["eastus"]},{"resourceType":"publicIPAddresses","locations":["eastus"]},{"resourceType":"networkInterfaces","locations":["eastus"]}]},{"namespace":"Microsoft.Compute","resourceTypes":[{"resourceType":"virtualMachines","locations":["eastus"]}]}],"dependencies":[{"dependsOn":[{"id":"/subscriptions/00000000-0000-0000-0000-000000000000/resourceGroups/cli-test-stdssdk000001/providers/Microsoft.Network/networkSecurityGroups/vm-ultrassd2NSG","resourceType":"Microsoft.Network/networkSecurityGroups","resourceName":"vm-ultrassd2NSG"},{"id":"/subscriptions/00000000-0000-0000-0000-000000000000/resourceGroups/cli-test-stdssdk000001/providers/Microsoft.Network/publicIPAddresses/vm-ultrassd2PublicIP","resourceType":"Microsoft.Network/publicIPAddresses","resourceName":"vm-ultrassd2PublicIP"}],"id":"/subscriptions/00000000-0000-0000-0000-000000000000/resourceGroups/cli-test-stdssdk000001/providers/Microsoft.Network/networkInterfaces/vm-ultrassd2VMNic","resourceType":"Microsoft.Network/networkInterfaces","resourceName":"vm-ultrassd2VMNic"},{"dependsOn":[{"id":"/subscriptions/00000000-0000-0000-0000-000000000000/resourceGroups/cli-test-stdssdk000001/providers/Microsoft.Network/networkInterfaces/vm-ultrassd2VMNic","resourceType":"Microsoft.Network/networkInterfaces","resourceName":"vm-ultrassd2VMNic"}],"id":"/subscriptions/00000000-0000-0000-0000-000000000000/resourceGroups/cli-test-stdssdk000001/providers/Microsoft.Compute/virtualMachines/vm-ultrassd2","resourceType":"Microsoft.Compute/virtualMachines","resourceName":"vm-ultrassd2"}]}}'
    headers:
      azure-asyncoperation:
      - https://management.azure.com/subscriptions/00000000-0000-0000-0000-000000000000/resourcegroups/cli-test-stdssdk000001/providers/Microsoft.Resources/deployments/vm_deploy_MJr21wFUi18qIg4eFwjdXEIg8MBnsI8C/operationStatuses/08586013666614689392?api-version=2020-06-01
      cache-control:
      - no-cache
      content-length:
      - '2533'
      content-type:
      - application/json; charset=utf-8
      date:
      - Wed, 16 Sep 2020 07:10:24 GMT
      expires:
      - '-1'
      pragma:
      - no-cache
      strict-transport-security:
      - max-age=31536000; includeSubDomains
      x-content-type-options:
      - nosniff
      x-ms-ratelimit-remaining-subscription-writes:
      - '1199'
    status:
      code: 201
      message: Created
- request:
    body: null
    headers:
      Accept:
      - application/json
      Accept-Encoding:
      - gzip, deflate
      CommandName:
      - vm create
      Connection:
      - keep-alive
      ParameterSetName:
      - -g -n --admin-username --admin-password --image --size --ultra-ssd-enabled
        --zone --location --nsg-rule
      User-Agent:
      - python/3.8.5 (Linux-5.4.0-1025-azure-x86_64-with-glibc2.2.5) msrest/0.6.18
        VSTS_0fb41ef4-5012-48a9-bf39-4ee3de03ee35_build_1655_0 msrest_azure/0.6.3
        azure-mgmt-resource/10.2.0 Azure-SDK-For-Python AZURECLI/2.11.1
    method: GET
    uri: https://management.azure.com/subscriptions/00000000-0000-0000-0000-000000000000/resourcegroups/cli-test-stdssdk000001/providers/Microsoft.Resources/deployments/mock-deployment/operationStatuses/08586013666614689392?api-version=2020-06-01
  response:
    body:
      string: '{"status":"Running"}'
    headers:
      cache-control:
      - no-cache
      content-length:
      - '20'
      content-type:
      - application/json; charset=utf-8
      date:
      - Wed, 16 Sep 2020 07:10:55 GMT
      expires:
      - '-1'
      pragma:
      - no-cache
      strict-transport-security:
      - max-age=31536000; includeSubDomains
      vary:
      - Accept-Encoding
      x-content-type-options:
      - nosniff
    status:
      code: 200
      message: OK
- request:
    body: null
    headers:
      Accept:
      - application/json
      Accept-Encoding:
      - gzip, deflate
      CommandName:
      - vm create
      Connection:
      - keep-alive
      ParameterSetName:
      - -g -n --admin-username --admin-password --image --size --ultra-ssd-enabled
        --zone --location --nsg-rule
      User-Agent:
      - python/3.8.5 (Linux-5.4.0-1025-azure-x86_64-with-glibc2.2.5) msrest/0.6.18
        VSTS_0fb41ef4-5012-48a9-bf39-4ee3de03ee35_build_1655_0 msrest_azure/0.6.3
        azure-mgmt-resource/10.2.0 Azure-SDK-For-Python AZURECLI/2.11.1
    method: GET
    uri: https://management.azure.com/subscriptions/00000000-0000-0000-0000-000000000000/resourcegroups/cli-test-stdssdk000001/providers/Microsoft.Resources/deployments/mock-deployment/operationStatuses/08586013666614689392?api-version=2020-06-01
  response:
    body:
      string: '{"status":"Succeeded"}'
    headers:
      cache-control:
      - no-cache
      content-length:
      - '22'
      content-type:
      - application/json; charset=utf-8
      date:
      - Wed, 16 Sep 2020 07:11:24 GMT
      expires:
      - '-1'
      pragma:
      - no-cache
      strict-transport-security:
      - max-age=31536000; includeSubDomains
      vary:
      - Accept-Encoding
      x-content-type-options:
      - nosniff
    status:
      code: 200
      message: OK
- request:
    body: null
    headers:
      Accept:
      - application/json
      Accept-Encoding:
      - gzip, deflate
      CommandName:
      - vm create
      Connection:
      - keep-alive
      ParameterSetName:
      - -g -n --admin-username --admin-password --image --size --ultra-ssd-enabled
        --zone --location --nsg-rule
      User-Agent:
      - python/3.8.5 (Linux-5.4.0-1025-azure-x86_64-with-glibc2.2.5) msrest/0.6.18
        VSTS_0fb41ef4-5012-48a9-bf39-4ee3de03ee35_build_1655_0 msrest_azure/0.6.3
        azure-mgmt-resource/10.2.0 Azure-SDK-For-Python AZURECLI/2.11.1
    method: GET
    uri: https://management.azure.com/subscriptions/00000000-0000-0000-0000-000000000000/resourcegroups/cli-test-stdssdk000001/providers/Microsoft.Resources/deployments/mock-deployment?api-version=2020-06-01
  response:
    body:
      string: '{"id":"/subscriptions/00000000-0000-0000-0000-000000000000/resourceGroups/cli-test-stdssdk000001/providers/Microsoft.Resources/deployments/vm_deploy_MJr21wFUi18qIg4eFwjdXEIg8MBnsI8C","name":"vm_deploy_MJr21wFUi18qIg4eFwjdXEIg8MBnsI8C","type":"Microsoft.Resources/deployments","properties":{"templateHash":"3557110205145605947","parameters":{"adminPassword":{"type":"SecureString"}},"mode":"Incremental","provisioningState":"Succeeded","timestamp":"2020-09-16T07:11:24.6318264Z","duration":"PT1M0.6231368S","correlationId":"f6a74c1d-3552-4064-a7f4-474f66c5b70d","providers":[{"namespace":"Microsoft.Network","resourceTypes":[{"resourceType":"networkSecurityGroups","locations":["eastus"]},{"resourceType":"publicIPAddresses","locations":["eastus"]},{"resourceType":"networkInterfaces","locations":["eastus"]}]},{"namespace":"Microsoft.Compute","resourceTypes":[{"resourceType":"virtualMachines","locations":["eastus"]}]}],"dependencies":[{"dependsOn":[{"id":"/subscriptions/00000000-0000-0000-0000-000000000000/resourceGroups/cli-test-stdssdk000001/providers/Microsoft.Network/networkSecurityGroups/vm-ultrassd2NSG","resourceType":"Microsoft.Network/networkSecurityGroups","resourceName":"vm-ultrassd2NSG"},{"id":"/subscriptions/00000000-0000-0000-0000-000000000000/resourceGroups/cli-test-stdssdk000001/providers/Microsoft.Network/publicIPAddresses/vm-ultrassd2PublicIP","resourceType":"Microsoft.Network/publicIPAddresses","resourceName":"vm-ultrassd2PublicIP"}],"id":"/subscriptions/00000000-0000-0000-0000-000000000000/resourceGroups/cli-test-stdssdk000001/providers/Microsoft.Network/networkInterfaces/vm-ultrassd2VMNic","resourceType":"Microsoft.Network/networkInterfaces","resourceName":"vm-ultrassd2VMNic"},{"dependsOn":[{"id":"/subscriptions/00000000-0000-0000-0000-000000000000/resourceGroups/cli-test-stdssdk000001/providers/Microsoft.Network/networkInterfaces/vm-ultrassd2VMNic","resourceType":"Microsoft.Network/networkInterfaces","resourceName":"vm-ultrassd2VMNic"}],"id":"/subscriptions/00000000-0000-0000-0000-000000000000/resourceGroups/cli-test-stdssdk000001/providers/Microsoft.Compute/virtualMachines/vm-ultrassd2","resourceType":"Microsoft.Compute/virtualMachines","resourceName":"vm-ultrassd2"}],"outputs":{},"outputResources":[{"id":"/subscriptions/00000000-0000-0000-0000-000000000000/resourceGroups/cli-test-stdssdk000001/providers/Microsoft.Compute/virtualMachines/vm-ultrassd2"},{"id":"/subscriptions/00000000-0000-0000-0000-000000000000/resourceGroups/cli-test-stdssdk000001/providers/Microsoft.Network/networkInterfaces/vm-ultrassd2VMNic"},{"id":"/subscriptions/00000000-0000-0000-0000-000000000000/resourceGroups/cli-test-stdssdk000001/providers/Microsoft.Network/networkSecurityGroups/vm-ultrassd2NSG"},{"id":"/subscriptions/00000000-0000-0000-0000-000000000000/resourceGroups/cli-test-stdssdk000001/providers/Microsoft.Network/publicIPAddresses/vm-ultrassd2PublicIP"}]}}'
    headers:
      cache-control:
      - no-cache
      content-length:
      - '3431'
      content-type:
      - application/json; charset=utf-8
      date:
      - Wed, 16 Sep 2020 07:11:24 GMT
      expires:
      - '-1'
      pragma:
      - no-cache
      strict-transport-security:
      - max-age=31536000; includeSubDomains
      vary:
      - Accept-Encoding
      x-content-type-options:
      - nosniff
    status:
      code: 200
      message: OK
- request:
    body: null
    headers:
      Accept:
      - application/json
      Accept-Encoding:
      - gzip, deflate
      CommandName:
      - vm create
      Connection:
      - keep-alive
      ParameterSetName:
      - -g -n --admin-username --admin-password --image --size --ultra-ssd-enabled
        --zone --location --nsg-rule
      User-Agent:
      - python/3.8.5 (Linux-5.4.0-1025-azure-x86_64-with-glibc2.2.5) msrest/0.6.18
        VSTS_0fb41ef4-5012-48a9-bf39-4ee3de03ee35_build_1655_0 msrest_azure/0.6.3
        azure-mgmt-compute/13.1.0 Azure-SDK-For-Python AZURECLI/2.11.1
      accept-language:
      - en-US
    method: GET
    uri: https://management.azure.com/subscriptions/00000000-0000-0000-0000-000000000000/resourceGroups/cli-test-stdssdk000001/providers/Microsoft.Compute/virtualMachines/vm-ultrassd2?$expand=instanceView&api-version=2020-06-01
  response:
    body:
      string: "{\r\n  \"name\": \"vm-ultrassd2\",\r\n  \"id\": \"/subscriptions/00000000-0000-0000-0000-000000000000/resourceGroups/cli-test-stdssdk000001/providers/Microsoft.Compute/virtualMachines/vm-ultrassd2\"\
        ,\r\n  \"type\": \"Microsoft.Compute/virtualMachines\",\r\n  \"location\"\
        : \"eastus\",\r\n  \"tags\": {},\r\n  \"properties\": {\r\n    \"vmId\": \"\
        b400d6ee-aa21-4cf9-87d9-48d1e0ded34c\",\r\n    \"hardwareProfile\": {\r\n\
        \      \"vmSize\": \"Standard_D2s_v3\"\r\n    },\r\n    \"additionalCapabilities\"\
        : {\r\n      \"ultraSSDEnabled\": true\r\n    },\r\n    \"storageProfile\"\
        : {\r\n      \"imageReference\": {\r\n        \"publisher\": \"Debian\",\r\
        \n        \"offer\": \"debian-10\",\r\n        \"sku\": \"10\",\r\n      \
        \  \"version\": \"latest\",\r\n        \"exactVersion\": \"0.20200803.347\"\
        \r\n      },\r\n      \"osDisk\": {\r\n        \"osType\": \"Linux\",\r\n\
        \        \"name\": \"vm-ultrassd2_OsDisk_1_ae50a6abbd8c434ea8133b3c7c81ab1a\"\
        ,\r\n        \"createOption\": \"FromImage\",\r\n        \"caching\": \"ReadWrite\"\
        ,\r\n        \"managedDisk\": {\r\n          \"storageAccountType\": \"Premium_LRS\"\
        ,\r\n          \"id\": \"/subscriptions/00000000-0000-0000-0000-000000000000/resourceGroups/CLI-TEST-STDSSDKL634HMFHES5SOWZB46LU2663XX34VQQVEAIIQ4T74SRCRZLEFSKL7AKXROC/providers/Microsoft.Compute/disks/vm-ultrassd2_OsDisk_1_ae50a6abbd8c434ea8133b3c7c81ab1a\"\
        \r\n        },\r\n        \"diskSizeGB\": 30\r\n      },\r\n      \"dataDisks\"\
        : []\r\n    },\r\n    \"osProfile\": {\r\n      \"computerName\": \"vm-ultrassd2\"\
        ,\r\n      \"adminUsername\": \"admin123\",\r\n      \"linuxConfiguration\"\
        : {\r\n        \"disablePasswordAuthentication\": false,\r\n        \"provisionVMAgent\"\
        : true,\r\n        \"patchSettings\": {\r\n          \"patchMode\": \"ImageDefault\"\
        \r\n        }\r\n      },\r\n      \"secrets\": [],\r\n      \"allowExtensionOperations\"\
        : true,\r\n      \"requireGuestProvisionSignal\": true\r\n    },\r\n    \"\
        networkProfile\": {\"networkInterfaces\":[{\"id\":\"/subscriptions/00000000-0000-0000-0000-000000000000/resourceGroups/cli-test-stdssdk000001/providers/Microsoft.Network/networkInterfaces/vm-ultrassd2VMNic\"\
        }]},\r\n    \"provisioningState\": \"Succeeded\",\r\n    \"instanceView\"\
        : {\r\n      \"computerName\": \"vm-ultrassd2\",\r\n      \"osName\": \"debian\"\
        ,\r\n      \"osVersion\": \"10.5\",\r\n      \"vmAgent\": {\r\n        \"\
        vmAgentVersion\": \"2.2.45\",\r\n        \"statuses\": [\r\n          {\r\n\
        \            \"code\": \"ProvisioningState/succeeded\",\r\n            \"\
        level\": \"Info\",\r\n            \"displayStatus\": \"Ready\",\r\n      \
        \      \"message\": \"Guest Agent is running\",\r\n            \"time\": \"\
        2020-09-16T07:11:26+00:00\"\r\n          }\r\n        ],\r\n        \"extensionHandlers\"\
        : []\r\n      },\r\n      \"disks\": [\r\n        {\r\n          \"name\"\
        : \"vm-ultrassd2_OsDisk_1_ae50a6abbd8c434ea8133b3c7c81ab1a\",\r\n        \
        \  \"statuses\": [\r\n            {\r\n              \"code\": \"ProvisioningState/succeeded\"\
        ,\r\n              \"level\": \"Info\",\r\n              \"displayStatus\"\
        : \"Provisioning succeeded\",\r\n              \"time\": \"2020-09-16T07:10:32.3936131+00:00\"\
        \r\n            }\r\n          ]\r\n        }\r\n      ],\r\n      \"hyperVGeneration\"\
        : \"V1\",\r\n      \"statuses\": [\r\n        {\r\n          \"code\": \"\
        ProvisioningState/succeeded\",\r\n          \"level\": \"Info\",\r\n     \
        \     \"displayStatus\": \"Provisioning succeeded\",\r\n          \"time\"\
        : \"2020-09-16T07:11:23.8014631+00:00\"\r\n        },\r\n        {\r\n   \
        \       \"code\": \"PowerState/running\",\r\n          \"level\": \"Info\"\
        ,\r\n          \"displayStatus\": \"VM running\"\r\n        }\r\n      ]\r\
        \n    }\r\n  },\r\n  \"zones\": [\r\n    \"2\"\r\n  ]\r\n}"
    headers:
      cache-control:
      - no-cache
      content-length:
      - '3417'
      content-type:
      - application/json; charset=utf-8
      date:
      - Wed, 16 Sep 2020 07:11:26 GMT
      expires:
      - '-1'
      pragma:
      - no-cache
      server:
      - Microsoft-HTTPAPI/2.0
      - Microsoft-HTTPAPI/2.0
      strict-transport-security:
      - max-age=31536000; includeSubDomains
      transfer-encoding:
      - chunked
      vary:
      - Accept-Encoding
      x-content-type-options:
      - nosniff
      x-ms-ratelimit-remaining-resource:
      - Microsoft.Compute/LowCostGet3Min;3984,Microsoft.Compute/LowCostGet30Min;31984
    status:
      code: 200
      message: OK
- request:
    body: null
    headers:
      Accept:
      - application/json
      Accept-Encoding:
      - gzip, deflate
      CommandName:
      - vm create
      Connection:
      - keep-alive
      ParameterSetName:
      - -g -n --admin-username --admin-password --image --size --ultra-ssd-enabled
        --zone --location --nsg-rule
      User-Agent:
      - python/3.8.5 (Linux-5.4.0-1025-azure-x86_64-with-glibc2.2.5) msrest/0.6.18
        VSTS_0fb41ef4-5012-48a9-bf39-4ee3de03ee35_build_1655_0 msrest_azure/0.6.3
        azure-mgmt-network/11.0.0 Azure-SDK-For-Python AZURECLI/2.11.1
      accept-language:
      - en-US
    method: GET
    uri: https://management.azure.com/subscriptions/00000000-0000-0000-0000-000000000000/resourceGroups/cli-test-stdssdk000001/providers/Microsoft.Network/networkInterfaces/vm-ultrassd2VMNic?api-version=2018-01-01
  response:
    body:
      string: "{\r\n  \"name\": \"vm-ultrassd2VMNic\",\r\n  \"id\": \"/subscriptions/00000000-0000-0000-0000-000000000000/resourceGroups/cli-test-stdssdk000001/providers/Microsoft.Network/networkInterfaces/vm-ultrassd2VMNic\"\
        ,\r\n  \"etag\": \"W/\\\"bc9a9bd8-cbb8-4b1d-8356-b6c2b5ed959a\\\"\",\r\n \
        \ \"location\": \"eastus\",\r\n  \"tags\": {},\r\n  \"properties\": {\r\n\
        \    \"provisioningState\": \"Succeeded\",\r\n    \"resourceGuid\": \"c568873b-cba4-4332-9b2a-ed14dbbe06ac\"\
        ,\r\n    \"ipConfigurations\": [\r\n      {\r\n        \"name\": \"ipconfigvm-ultrassd2\"\
        ,\r\n        \"id\": \"/subscriptions/00000000-0000-0000-0000-000000000000/resourceGroups/cli-test-stdssdk000001/providers/Microsoft.Network/networkInterfaces/vm-ultrassd2VMNic/ipConfigurations/ipconfigvm-ultrassd2\"\
        ,\r\n        \"etag\": \"W/\\\"bc9a9bd8-cbb8-4b1d-8356-b6c2b5ed959a\\\"\"\
        ,\r\n        \"type\": \"Microsoft.Network/networkInterfaces/ipConfigurations\"\
        ,\r\n        \"properties\": {\r\n          \"provisioningState\": \"Succeeded\"\
        ,\r\n          \"privateIPAddress\": \"10.0.0.5\",\r\n          \"privateIPAllocationMethod\"\
        : \"Dynamic\",\r\n          \"publicIPAddress\": {\r\n            \"id\":\
        \ \"/subscriptions/00000000-0000-0000-0000-000000000000/resourceGroups/cli-test-stdssdk000001/providers/Microsoft.Network/publicIPAddresses/vm-ultrassd2PublicIP\"\
        \r\n          },\r\n          \"subnet\": {\r\n            \"id\": \"/subscriptions/00000000-0000-0000-0000-000000000000/resourceGroups/cli-test-stdssdk000001/providers/Microsoft.Network/virtualNetworks/vm-ultrassdVNET/subnets/vm-ultrassdSubnet\"\
        \r\n          },\r\n          \"primary\": true,\r\n          \"privateIPAddressVersion\"\
        : \"IPv4\"\r\n        }\r\n      }\r\n    ],\r\n    \"dnsSettings\": {\r\n\
        \      \"dnsServers\": [],\r\n      \"appliedDnsServers\": [],\r\n      \"\
        internalDomainNameSuffix\": \"3riel1cypezeji33jfczbcjmsb.bx.internal.cloudapp.net\"\
        \r\n    },\r\n    \"macAddress\": \"00-0D-3A-9E-B9-52\",\r\n    \"enableAcceleratedNetworking\"\
        : false,\r\n    \"enableIPForwarding\": false,\r\n    \"networkSecurityGroup\"\
        : {\r\n      \"id\": \"/subscriptions/00000000-0000-0000-0000-000000000000/resourceGroups/cli-test-stdssdk000001/providers/Microsoft.Network/networkSecurityGroups/vm-ultrassd2NSG\"\
        \r\n    },\r\n    \"primary\": true,\r\n    \"virtualMachine\": {\r\n    \
        \  \"id\": \"/subscriptions/00000000-0000-0000-0000-000000000000/resourceGroups/cli-test-stdssdk000001/providers/Microsoft.Compute/virtualMachines/vm-ultrassd2\"\
        \r\n    }\r\n  },\r\n  \"type\": \"Microsoft.Network/networkInterfaces\"\r\
        \n}"
    headers:
      cache-control:
      - no-cache
      content-length:
      - '2656'
      content-type:
      - application/json; charset=utf-8
      date:
      - Wed, 16 Sep 2020 07:11:26 GMT
      etag:
      - W/"bc9a9bd8-cbb8-4b1d-8356-b6c2b5ed959a"
      expires:
      - '-1'
      pragma:
      - no-cache
      server:
      - Microsoft-HTTPAPI/2.0
      - Microsoft-HTTPAPI/2.0
      strict-transport-security:
      - max-age=31536000; includeSubDomains
      transfer-encoding:
      - chunked
      vary:
      - Accept-Encoding
      x-content-type-options:
      - nosniff
      x-ms-arm-service-request-id:
      - f9fbe178-38ef-44d9-9153-0946125ae970
    status:
      code: 200
      message: OK
- request:
    body: null
    headers:
      Accept:
      - application/json
      Accept-Encoding:
      - gzip, deflate
      CommandName:
      - vm create
      Connection:
      - keep-alive
      ParameterSetName:
      - -g -n --admin-username --admin-password --image --size --ultra-ssd-enabled
        --zone --location --nsg-rule
      User-Agent:
      - python/3.8.5 (Linux-5.4.0-1025-azure-x86_64-with-glibc2.2.5) msrest/0.6.18
        VSTS_0fb41ef4-5012-48a9-bf39-4ee3de03ee35_build_1655_0 msrest_azure/0.6.3
        azure-mgmt-network/11.0.0 Azure-SDK-For-Python AZURECLI/2.11.1
      accept-language:
      - en-US
    method: GET
    uri: https://management.azure.com/subscriptions/00000000-0000-0000-0000-000000000000/resourceGroups/cli-test-stdssdk000001/providers/Microsoft.Network/publicIPAddresses/vm-ultrassd2PublicIP?api-version=2018-01-01
  response:
    body:
      string: "{\r\n  \"name\": \"vm-ultrassd2PublicIP\",\r\n  \"id\": \"/subscriptions/00000000-0000-0000-0000-000000000000/resourceGroups/cli-test-stdssdk000001/providers/Microsoft.Network/publicIPAddresses/vm-ultrassd2PublicIP\"\
        ,\r\n  \"etag\": \"W/\\\"d33bede6-ad09-4e88-b055-7966d0a89410\\\"\",\r\n \
        \ \"location\": \"eastus\",\r\n  \"tags\": {},\r\n  \"zones\": [\r\n    \"\
        2\"\r\n  ],\r\n  \"properties\": {\r\n    \"provisioningState\": \"Succeeded\"\
        ,\r\n    \"resourceGuid\": \"83a3177b-3a0d-44aa-a655-ac1e2d0d7df8\",\r\n \
        \   \"ipAddress\": \"20.51.219.86\",\r\n    \"publicIPAddressVersion\": \"\
        IPv4\",\r\n    \"publicIPAllocationMethod\": \"Static\",\r\n    \"idleTimeoutInMinutes\"\
        : 4,\r\n    \"ipTags\": [],\r\n    \"ipConfiguration\": {\r\n      \"id\"\
        : \"/subscriptions/00000000-0000-0000-0000-000000000000/resourceGroups/cli-test-stdssdk000001/providers/Microsoft.Network/networkInterfaces/vm-ultrassd2VMNic/ipConfigurations/ipconfigvm-ultrassd2\"\
        \r\n    }\r\n  },\r\n  \"type\": \"Microsoft.Network/publicIPAddresses\",\r\
        \n  \"sku\": {\r\n    \"name\": \"Standard\"\r\n  }\r\n}"
    headers:
      cache-control:
      - no-cache
      content-length:
      - '1063'
      content-type:
      - application/json; charset=utf-8
      date:
      - Wed, 16 Sep 2020 07:11:26 GMT
      etag:
      - W/"d33bede6-ad09-4e88-b055-7966d0a89410"
      expires:
      - '-1'
      pragma:
      - no-cache
      server:
      - Microsoft-HTTPAPI/2.0
      - Microsoft-HTTPAPI/2.0
      strict-transport-security:
      - max-age=31536000; includeSubDomains
      transfer-encoding:
      - chunked
      vary:
      - Accept-Encoding
      x-content-type-options:
      - nosniff
      x-ms-arm-service-request-id:
      - 3ca9fb50-5aad-4248-b8c1-e60ea9bb349e
    status:
      code: 200
      message: OK
- request:
    body: null
    headers:
      Accept:
      - application/json
      Accept-Encoding:
      - gzip, deflate
      CommandName:
      - vm disk attach
      Connection:
      - keep-alive
      ParameterSetName:
      - -g --vm-name --name --new --size-gb --sku
      User-Agent:
      - python/3.8.5 (Linux-5.4.0-1025-azure-x86_64-with-glibc2.2.5) msrest/0.6.18
        VSTS_0fb41ef4-5012-48a9-bf39-4ee3de03ee35_build_1655_0 msrest_azure/0.6.3
        azure-mgmt-compute/13.1.0 Azure-SDK-For-Python AZURECLI/2.11.1
      accept-language:
      - en-US
    method: GET
    uri: https://management.azure.com/subscriptions/00000000-0000-0000-0000-000000000000/resourceGroups/cli-test-stdssdk000001/providers/Microsoft.Compute/virtualMachines/vm-ultrassd2?api-version=2020-06-01
  response:
    body:
      string: "{\r\n  \"name\": \"vm-ultrassd2\",\r\n  \"id\": \"/subscriptions/00000000-0000-0000-0000-000000000000/resourceGroups/cli-test-stdssdk000001/providers/Microsoft.Compute/virtualMachines/vm-ultrassd2\"\
        ,\r\n  \"type\": \"Microsoft.Compute/virtualMachines\",\r\n  \"location\"\
        : \"eastus\",\r\n  \"tags\": {},\r\n  \"properties\": {\r\n    \"vmId\": \"\
        b400d6ee-aa21-4cf9-87d9-48d1e0ded34c\",\r\n    \"hardwareProfile\": {\r\n\
        \      \"vmSize\": \"Standard_D2s_v3\"\r\n    },\r\n    \"additionalCapabilities\"\
        : {\r\n      \"ultraSSDEnabled\": true\r\n    },\r\n    \"storageProfile\"\
        : {\r\n      \"imageReference\": {\r\n        \"publisher\": \"Debian\",\r\
        \n        \"offer\": \"debian-10\",\r\n        \"sku\": \"10\",\r\n      \
        \  \"version\": \"latest\",\r\n        \"exactVersion\": \"0.20200803.347\"\
        \r\n      },\r\n      \"osDisk\": {\r\n        \"osType\": \"Linux\",\r\n\
        \        \"name\": \"vm-ultrassd2_OsDisk_1_ae50a6abbd8c434ea8133b3c7c81ab1a\"\
        ,\r\n        \"createOption\": \"FromImage\",\r\n        \"caching\": \"ReadWrite\"\
        ,\r\n        \"managedDisk\": {\r\n          \"storageAccountType\": \"Premium_LRS\"\
        ,\r\n          \"id\": \"/subscriptions/00000000-0000-0000-0000-000000000000/resourceGroups/CLI-TEST-STDSSDKL634HMFHES5SOWZB46LU2663XX34VQQVEAIIQ4T74SRCRZLEFSKL7AKXROC/providers/Microsoft.Compute/disks/vm-ultrassd2_OsDisk_1_ae50a6abbd8c434ea8133b3c7c81ab1a\"\
        \r\n        },\r\n        \"diskSizeGB\": 30\r\n      },\r\n      \"dataDisks\"\
        : []\r\n    },\r\n    \"osProfile\": {\r\n      \"computerName\": \"vm-ultrassd2\"\
        ,\r\n      \"adminUsername\": \"admin123\",\r\n      \"linuxConfiguration\"\
        : {\r\n        \"disablePasswordAuthentication\": false,\r\n        \"provisionVMAgent\"\
        : true,\r\n        \"patchSettings\": {\r\n          \"patchMode\": \"ImageDefault\"\
        \r\n        }\r\n      },\r\n      \"secrets\": [],\r\n      \"allowExtensionOperations\"\
        : true,\r\n      \"requireGuestProvisionSignal\": true\r\n    },\r\n    \"\
        networkProfile\": {\"networkInterfaces\":[{\"id\":\"/subscriptions/00000000-0000-0000-0000-000000000000/resourceGroups/cli-test-stdssdk000001/providers/Microsoft.Network/networkInterfaces/vm-ultrassd2VMNic\"\
        }]},\r\n    \"provisioningState\": \"Succeeded\"\r\n  },\r\n  \"zones\": [\r\
        \n    \"2\"\r\n  ]\r\n}"
    headers:
      cache-control:
      - no-cache
      content-length:
      - '2108'
      content-type:
      - application/json; charset=utf-8
      date:
      - Wed, 16 Sep 2020 07:11:26 GMT
      expires:
      - '-1'
      pragma:
      - no-cache
      server:
      - Microsoft-HTTPAPI/2.0
      - Microsoft-HTTPAPI/2.0
      strict-transport-security:
      - max-age=31536000; includeSubDomains
      transfer-encoding:
      - chunked
      vary:
      - Accept-Encoding
      x-content-type-options:
      - nosniff
      x-ms-ratelimit-remaining-resource:
      - Microsoft.Compute/LowCostGet3Min;3983,Microsoft.Compute/LowCostGet30Min;31983
    status:
      code: 200
      message: OK
- request:
    body: '{"location": "eastus", "tags": {}, "properties": {"hardwareProfile": {"vmSize":
      "Standard_D2s_v3"}, "storageProfile": {"imageReference": {"publisher": "Debian",
      "offer": "debian-10", "sku": "10", "version": "latest"}, "osDisk": {"osType":
      "Linux", "name": "vm-ultrassd2_OsDisk_1_ae50a6abbd8c434ea8133b3c7c81ab1a", "caching":
      "ReadWrite", "createOption": "FromImage", "diskSizeGB": 30, "managedDisk": {"id":
      "/subscriptions/00000000-0000-0000-0000-000000000000/resourceGroups/CLI-TEST-STDSSDKL634HMFHES5SOWZB46LU2663XX34VQQVEAIIQ4T74SRCRZLEFSKL7AKXROC/providers/Microsoft.Compute/disks/vm-ultrassd2_OsDisk_1_ae50a6abbd8c434ea8133b3c7c81ab1a",
      "storageAccountType": "Premium_LRS"}}, "dataDisks": [{"lun": 0, "name": "d4",
      "createOption": "Empty", "diskSizeGB": 5, "managedDisk": {"storageAccountType":
      "UltraSSD_LRS"}}]}, "additionalCapabilities": {"ultraSSDEnabled": true}, "osProfile":
      {"computerName": "vm-ultrassd2", "adminUsername": "admin123", "linuxConfiguration":
      {"disablePasswordAuthentication": false, "provisionVMAgent": true}, "secrets":
      [], "allowExtensionOperations": true, "requireGuestProvisionSignal": true},
      "networkProfile": {"networkInterfaces": [{"id": "/subscriptions/00000000-0000-0000-0000-000000000000/resourceGroups/cli-test-stdssdk000001/providers/Microsoft.Network/networkInterfaces/vm-ultrassd2VMNic"}]}},
      "zones": ["2"]}'
    headers:
      Accept:
      - application/json
      Accept-Encoding:
      - gzip, deflate
      CommandName:
      - vm disk attach
      Connection:
      - keep-alive
      Content-Length:
      - '1402'
      Content-Type:
      - application/json; charset=utf-8
      ParameterSetName:
      - -g --vm-name --name --new --size-gb --sku
      User-Agent:
      - python/3.8.5 (Linux-5.4.0-1025-azure-x86_64-with-glibc2.2.5) msrest/0.6.18
        VSTS_0fb41ef4-5012-48a9-bf39-4ee3de03ee35_build_1655_0 msrest_azure/0.6.3
        azure-mgmt-compute/13.1.0 Azure-SDK-For-Python AZURECLI/2.11.1
      accept-language:
      - en-US
    method: PUT
    uri: https://management.azure.com/subscriptions/00000000-0000-0000-0000-000000000000/resourceGroups/cli-test-stdssdk000001/providers/Microsoft.Compute/virtualMachines/vm-ultrassd2?api-version=2020-06-01
  response:
    body:
      string: "{\r\n  \"name\": \"vm-ultrassd2\",\r\n  \"id\": \"/subscriptions/00000000-0000-0000-0000-000000000000/resourceGroups/cli-test-stdssdk000001/providers/Microsoft.Compute/virtualMachines/vm-ultrassd2\"\
        ,\r\n  \"type\": \"Microsoft.Compute/virtualMachines\",\r\n  \"location\"\
        : \"eastus\",\r\n  \"tags\": {},\r\n  \"properties\": {\r\n    \"vmId\": \"\
        b400d6ee-aa21-4cf9-87d9-48d1e0ded34c\",\r\n    \"hardwareProfile\": {\r\n\
        \      \"vmSize\": \"Standard_D2s_v3\"\r\n    },\r\n    \"additionalCapabilities\"\
        : {\r\n      \"ultraSSDEnabled\": true\r\n    },\r\n    \"storageProfile\"\
        : {\r\n      \"imageReference\": {\r\n        \"publisher\": \"Debian\",\r\
        \n        \"offer\": \"debian-10\",\r\n        \"sku\": \"10\",\r\n      \
        \  \"version\": \"latest\",\r\n        \"exactVersion\": \"0.20200803.347\"\
        \r\n      },\r\n      \"osDisk\": {\r\n        \"osType\": \"Linux\",\r\n\
        \        \"name\": \"vm-ultrassd2_OsDisk_1_ae50a6abbd8c434ea8133b3c7c81ab1a\"\
        ,\r\n        \"createOption\": \"FromImage\",\r\n        \"caching\": \"ReadWrite\"\
        ,\r\n        \"managedDisk\": {\r\n          \"storageAccountType\": \"Premium_LRS\"\
        ,\r\n          \"id\": \"/subscriptions/00000000-0000-0000-0000-000000000000/resourceGroups/CLI-TEST-STDSSDKL634HMFHES5SOWZB46LU2663XX34VQQVEAIIQ4T74SRCRZLEFSKL7AKXROC/providers/Microsoft.Compute/disks/vm-ultrassd2_OsDisk_1_ae50a6abbd8c434ea8133b3c7c81ab1a\"\
        \r\n        },\r\n        \"diskSizeGB\": 30\r\n      },\r\n      \"dataDisks\"\
        : [\r\n        {\r\n          \"lun\": 0,\r\n          \"name\": \"d4\",\r\
        \n          \"createOption\": \"Empty\",\r\n          \"caching\": \"None\"\
        ,\r\n          \"managedDisk\": {\r\n            \"storageAccountType\": \"\
        UltraSSD_LRS\"\r\n          },\r\n          \"diskSizeGB\": 5,\r\n       \
        \   \"toBeDetached\": false\r\n        }\r\n      ]\r\n    },\r\n    \"osProfile\"\
        : {\r\n      \"computerName\": \"vm-ultrassd2\",\r\n      \"adminUsername\"\
        : \"admin123\",\r\n      \"linuxConfiguration\": {\r\n        \"disablePasswordAuthentication\"\
        : false,\r\n        \"provisionVMAgent\": true,\r\n        \"patchSettings\"\
        : {\r\n          \"patchMode\": \"ImageDefault\"\r\n        }\r\n      },\r\
        \n      \"secrets\": [],\r\n      \"allowExtensionOperations\": true,\r\n\
        \      \"requireGuestProvisionSignal\": true\r\n    },\r\n    \"networkProfile\"\
        : {\"networkInterfaces\":[{\"id\":\"/subscriptions/00000000-0000-0000-0000-000000000000/resourceGroups/cli-test-stdssdk000001/providers/Microsoft.Network/networkInterfaces/vm-ultrassd2VMNic\"\
        }]},\r\n    \"provisioningState\": \"Updating\"\r\n  },\r\n  \"zones\": [\r\
        \n    \"2\"\r\n  ]\r\n}"
    headers:
      azure-asyncnotification:
      - Enabled
      azure-asyncoperation:
      - https://management.azure.com/subscriptions/00000000-0000-0000-0000-000000000000/providers/Microsoft.Compute/locations/eastus/operations/d9e3b235-0847-482c-893e-6ad09afb6d20?api-version=2020-06-01
      cache-control:
      - no-cache
      content-length:
      - '2402'
      content-type:
      - application/json; charset=utf-8
      date:
      - Wed, 16 Sep 2020 07:11:27 GMT
      expires:
      - '-1'
      pragma:
      - no-cache
      server:
      - Microsoft-HTTPAPI/2.0
      - Microsoft-HTTPAPI/2.0
      strict-transport-security:
      - max-age=31536000; includeSubDomains
      transfer-encoding:
      - chunked
      vary:
      - Accept-Encoding
      x-content-type-options:
      - nosniff
      x-ms-ratelimit-remaining-resource:
      - Microsoft.Compute/PutVM3Min;739,Microsoft.Compute/PutVM30Min;3714
      x-ms-ratelimit-remaining-subscription-writes:
      - '1197'
    status:
      code: 200
      message: OK
- request:
    body: null
    headers:
      Accept:
      - application/json
      Accept-Encoding:
      - gzip, deflate
      CommandName:
      - vm disk attach
      Connection:
      - keep-alive
      ParameterSetName:
      - -g --vm-name --name --new --size-gb --sku
      User-Agent:
      - python/3.8.5 (Linux-5.4.0-1025-azure-x86_64-with-glibc2.2.5) msrest/0.6.18
        VSTS_0fb41ef4-5012-48a9-bf39-4ee3de03ee35_build_1655_0 msrest_azure/0.6.3
        azure-mgmt-compute/13.1.0 Azure-SDK-For-Python AZURECLI/2.11.1
    method: GET
    uri: https://management.azure.com/subscriptions/00000000-0000-0000-0000-000000000000/providers/Microsoft.Compute/locations/eastus/operations/d9e3b235-0847-482c-893e-6ad09afb6d20?api-version=2020-06-01
  response:
    body:
      string: "{\r\n  \"startTime\": \"2020-09-16T07:11:27.2077408+00:00\",\r\n  \"\
        endTime\": \"2020-09-16T07:11:35.8640896+00:00\",\r\n  \"status\": \"Succeeded\"\
        ,\r\n  \"name\": \"d9e3b235-0847-482c-893e-6ad09afb6d20\"\r\n}"
    headers:
      cache-control:
      - no-cache
      content-length:
      - '184'
      content-type:
      - application/json; charset=utf-8
      date:
      - Wed, 16 Sep 2020 07:11:57 GMT
      expires:
      - '-1'
      pragma:
      - no-cache
      server:
      - Microsoft-HTTPAPI/2.0
      - Microsoft-HTTPAPI/2.0
      strict-transport-security:
      - max-age=31536000; includeSubDomains
      transfer-encoding:
      - chunked
      vary:
      - Accept-Encoding
      x-content-type-options:
      - nosniff
      x-ms-ratelimit-remaining-resource:
      - Microsoft.Compute/GetOperation3Min;14992,Microsoft.Compute/GetOperation30Min;29990
    status:
      code: 200
      message: OK
- request:
    body: null
    headers:
      Accept:
      - application/json
      Accept-Encoding:
      - gzip, deflate
      CommandName:
      - vm disk attach
      Connection:
      - keep-alive
      ParameterSetName:
      - -g --vm-name --name --new --size-gb --sku
      User-Agent:
      - python/3.8.5 (Linux-5.4.0-1025-azure-x86_64-with-glibc2.2.5) msrest/0.6.18
        VSTS_0fb41ef4-5012-48a9-bf39-4ee3de03ee35_build_1655_0 msrest_azure/0.6.3
        azure-mgmt-compute/13.1.0 Azure-SDK-For-Python AZURECLI/2.11.1
    method: GET
    uri: https://management.azure.com/subscriptions/00000000-0000-0000-0000-000000000000/resourceGroups/cli-test-stdssdk000001/providers/Microsoft.Compute/virtualMachines/vm-ultrassd2?api-version=2020-06-01
  response:
    body:
      string: "{\r\n  \"name\": \"vm-ultrassd2\",\r\n  \"id\": \"/subscriptions/00000000-0000-0000-0000-000000000000/resourceGroups/cli-test-stdssdk000001/providers/Microsoft.Compute/virtualMachines/vm-ultrassd2\"\
        ,\r\n  \"type\": \"Microsoft.Compute/virtualMachines\",\r\n  \"location\"\
        : \"eastus\",\r\n  \"tags\": {},\r\n  \"properties\": {\r\n    \"vmId\": \"\
        b400d6ee-aa21-4cf9-87d9-48d1e0ded34c\",\r\n    \"hardwareProfile\": {\r\n\
        \      \"vmSize\": \"Standard_D2s_v3\"\r\n    },\r\n    \"additionalCapabilities\"\
        : {\r\n      \"ultraSSDEnabled\": true\r\n    },\r\n    \"storageProfile\"\
        : {\r\n      \"imageReference\": {\r\n        \"publisher\": \"Debian\",\r\
        \n        \"offer\": \"debian-10\",\r\n        \"sku\": \"10\",\r\n      \
        \  \"version\": \"latest\",\r\n        \"exactVersion\": \"0.20200803.347\"\
        \r\n      },\r\n      \"osDisk\": {\r\n        \"osType\": \"Linux\",\r\n\
        \        \"name\": \"vm-ultrassd2_OsDisk_1_ae50a6abbd8c434ea8133b3c7c81ab1a\"\
        ,\r\n        \"createOption\": \"FromImage\",\r\n        \"caching\": \"ReadWrite\"\
        ,\r\n        \"managedDisk\": {\r\n          \"storageAccountType\": \"Premium_LRS\"\
        ,\r\n          \"id\": \"/subscriptions/00000000-0000-0000-0000-000000000000/resourceGroups/CLI-TEST-STDSSDKL634HMFHES5SOWZB46LU2663XX34VQQVEAIIQ4T74SRCRZLEFSKL7AKXROC/providers/Microsoft.Compute/disks/vm-ultrassd2_OsDisk_1_ae50a6abbd8c434ea8133b3c7c81ab1a\"\
        \r\n        },\r\n        \"diskSizeGB\": 30\r\n      },\r\n      \"dataDisks\"\
        : [\r\n        {\r\n          \"lun\": 0,\r\n          \"name\": \"d4\",\r\
        \n          \"createOption\": \"Empty\",\r\n          \"caching\": \"None\"\
        ,\r\n          \"managedDisk\": {\r\n            \"storageAccountType\": \"\
        UltraSSD_LRS\",\r\n            \"id\": \"/subscriptions/00000000-0000-0000-0000-000000000000/resourceGroups/CLI-TEST-STDSSDKL634HMFHES5SOWZB46LU2663XX34VQQVEAIIQ4T74SRCRZLEFSKL7AKXROC/providers/Microsoft.Compute/disks/d4\"\
        \r\n          },\r\n          \"diskSizeGB\": 5,\r\n          \"toBeDetached\"\
        : false\r\n        }\r\n      ]\r\n    },\r\n    \"osProfile\": {\r\n    \
        \  \"computerName\": \"vm-ultrassd2\",\r\n      \"adminUsername\": \"admin123\"\
        ,\r\n      \"linuxConfiguration\": {\r\n        \"disablePasswordAuthentication\"\
        : false,\r\n        \"provisionVMAgent\": true,\r\n        \"patchSettings\"\
        : {\r\n          \"patchMode\": \"ImageDefault\"\r\n        }\r\n      },\r\
        \n      \"secrets\": [],\r\n      \"allowExtensionOperations\": true,\r\n\
        \      \"requireGuestProvisionSignal\": true\r\n    },\r\n    \"networkProfile\"\
        : {\"networkInterfaces\":[{\"id\":\"/subscriptions/00000000-0000-0000-0000-000000000000/resourceGroups/cli-test-stdssdk000001/providers/Microsoft.Network/networkInterfaces/vm-ultrassd2VMNic\"\
        }]},\r\n    \"provisioningState\": \"Succeeded\"\r\n  },\r\n  \"zones\": [\r\
        \n    \"2\"\r\n  ]\r\n}"
    headers:
      cache-control:
      - no-cache
      content-length:
      - '2605'
      content-type:
      - application/json; charset=utf-8
      date:
      - Wed, 16 Sep 2020 07:11:57 GMT
      expires:
      - '-1'
      pragma:
      - no-cache
      server:
      - Microsoft-HTTPAPI/2.0
      - Microsoft-HTTPAPI/2.0
      strict-transport-security:
      - max-age=31536000; includeSubDomains
      transfer-encoding:
      - chunked
      vary:
      - Accept-Encoding
      x-content-type-options:
      - nosniff
      x-ms-ratelimit-remaining-resource:
      - Microsoft.Compute/LowCostGet3Min;3982,Microsoft.Compute/LowCostGet30Min;31979
    status:
      code: 200
      message: OK
- request:
    body: null
    headers:
      Accept:
      - application/json
      Accept-Encoding:
      - gzip, deflate
      CommandName:
      - vm show
      Connection:
      - keep-alive
      ParameterSetName:
      - -g -n
      User-Agent:
      - python/3.8.5 (Linux-5.4.0-1025-azure-x86_64-with-glibc2.2.5) msrest/0.6.18
        VSTS_0fb41ef4-5012-48a9-bf39-4ee3de03ee35_build_1655_0 msrest_azure/0.6.3
        azure-mgmt-compute/13.1.0 Azure-SDK-For-Python AZURECLI/2.11.1
      accept-language:
      - en-US
    method: GET
    uri: https://management.azure.com/subscriptions/00000000-0000-0000-0000-000000000000/resourceGroups/cli-test-stdssdk000001/providers/Microsoft.Compute/virtualMachines/vm-ultrassd2?api-version=2020-06-01
  response:
    body:
      string: "{\r\n  \"name\": \"vm-ultrassd2\",\r\n  \"id\": \"/subscriptions/00000000-0000-0000-0000-000000000000/resourceGroups/cli-test-stdssdk000001/providers/Microsoft.Compute/virtualMachines/vm-ultrassd2\"\
        ,\r\n  \"type\": \"Microsoft.Compute/virtualMachines\",\r\n  \"location\"\
        : \"eastus\",\r\n  \"tags\": {},\r\n  \"properties\": {\r\n    \"vmId\": \"\
        b400d6ee-aa21-4cf9-87d9-48d1e0ded34c\",\r\n    \"hardwareProfile\": {\r\n\
        \      \"vmSize\": \"Standard_D2s_v3\"\r\n    },\r\n    \"additionalCapabilities\"\
        : {\r\n      \"ultraSSDEnabled\": true\r\n    },\r\n    \"storageProfile\"\
        : {\r\n      \"imageReference\": {\r\n        \"publisher\": \"Debian\",\r\
        \n        \"offer\": \"debian-10\",\r\n        \"sku\": \"10\",\r\n      \
        \  \"version\": \"latest\",\r\n        \"exactVersion\": \"0.20200803.347\"\
        \r\n      },\r\n      \"osDisk\": {\r\n        \"osType\": \"Linux\",\r\n\
        \        \"name\": \"vm-ultrassd2_OsDisk_1_ae50a6abbd8c434ea8133b3c7c81ab1a\"\
        ,\r\n        \"createOption\": \"FromImage\",\r\n        \"caching\": \"ReadWrite\"\
        ,\r\n        \"managedDisk\": {\r\n          \"storageAccountType\": \"Premium_LRS\"\
        ,\r\n          \"id\": \"/subscriptions/00000000-0000-0000-0000-000000000000/resourceGroups/CLI-TEST-STDSSDKL634HMFHES5SOWZB46LU2663XX34VQQVEAIIQ4T74SRCRZLEFSKL7AKXROC/providers/Microsoft.Compute/disks/vm-ultrassd2_OsDisk_1_ae50a6abbd8c434ea8133b3c7c81ab1a\"\
        \r\n        },\r\n        \"diskSizeGB\": 30\r\n      },\r\n      \"dataDisks\"\
        : [\r\n        {\r\n          \"lun\": 0,\r\n          \"name\": \"d4\",\r\
        \n          \"createOption\": \"Empty\",\r\n          \"caching\": \"None\"\
        ,\r\n          \"managedDisk\": {\r\n            \"storageAccountType\": \"\
        UltraSSD_LRS\",\r\n            \"id\": \"/subscriptions/00000000-0000-0000-0000-000000000000/resourceGroups/CLI-TEST-STDSSDKL634HMFHES5SOWZB46LU2663XX34VQQVEAIIQ4T74SRCRZLEFSKL7AKXROC/providers/Microsoft.Compute/disks/d4\"\
        \r\n          },\r\n          \"diskSizeGB\": 5,\r\n          \"toBeDetached\"\
        : false\r\n        }\r\n      ]\r\n    },\r\n    \"osProfile\": {\r\n    \
        \  \"computerName\": \"vm-ultrassd2\",\r\n      \"adminUsername\": \"admin123\"\
        ,\r\n      \"linuxConfiguration\": {\r\n        \"disablePasswordAuthentication\"\
        : false,\r\n        \"provisionVMAgent\": true,\r\n        \"patchSettings\"\
        : {\r\n          \"patchMode\": \"ImageDefault\"\r\n        }\r\n      },\r\
        \n      \"secrets\": [],\r\n      \"allowExtensionOperations\": true,\r\n\
        \      \"requireGuestProvisionSignal\": true\r\n    },\r\n    \"networkProfile\"\
        : {\"networkInterfaces\":[{\"id\":\"/subscriptions/00000000-0000-0000-0000-000000000000/resourceGroups/cli-test-stdssdk000001/providers/Microsoft.Network/networkInterfaces/vm-ultrassd2VMNic\"\
        }]},\r\n    \"provisioningState\": \"Succeeded\"\r\n  },\r\n  \"zones\": [\r\
        \n    \"2\"\r\n  ]\r\n}"
    headers:
      cache-control:
      - no-cache
      content-length:
      - '2605'
      content-type:
      - application/json; charset=utf-8
      date:
      - Wed, 16 Sep 2020 07:11:58 GMT
      expires:
      - '-1'
      pragma:
      - no-cache
      server:
      - Microsoft-HTTPAPI/2.0
      - Microsoft-HTTPAPI/2.0
      strict-transport-security:
      - max-age=31536000; includeSubDomains
      transfer-encoding:
      - chunked
      vary:
      - Accept-Encoding
      x-content-type-options:
      - nosniff
      x-ms-ratelimit-remaining-resource:
      - Microsoft.Compute/LowCostGet3Min;3981,Microsoft.Compute/LowCostGet30Min;31978
    status:
      code: 200
      message: OK
version: 1
